// Jest Snapshot v1, https://goo.gl/fbAQLP

exports[`axios 0.21.1 1`] = `
Object {
  "declarations": Object {
    "classes": Array [],
    "enums": Array [],
    "functions": Array [],
    "interfaces": Array [
      Object {
        "docs": Array [],
        "id": "AxiosAdapter",
        "kind": "InterfaceDeclaration",
        "members": Object {
          "callSignatures": Array [
            Object {
              "docs": Array [],
              "id": "AxiosAdapter.0-call-signature",
              "kind": "InterfaceCallSignatureDeclaration",
              "name": "call signature",
              "signature": "(config: AxiosRequestConfig): AxiosPromise<any>;",
              "source": Object {
                "filename": "index.d.ts",
                "line": 6,
                "url": "https://github.com/axios/axios/tree/a64050a6cfbcc708a55a7dc8030d85b1c78cdf38/index.d.ts#L6",
              },
            },
          ],
          "constructSignatures": Array [],
          "indexSignatures": Array [],
          "methods": Array [],
          "properties": Array [],
        },
        "name": "AxiosAdapter",
        "signature": "interface AxiosAdapter {}",
        "source": Object {
          "filename": "index.d.ts",
          "line": 5,
          "url": "https://github.com/axios/axios/tree/a64050a6cfbcc708a55a7dc8030d85b1c78cdf38/index.d.ts#L5",
        },
      },
      Object {
        "docs": Array [],
        "id": "AxiosBasicCredentials",
        "kind": "InterfaceDeclaration",
        "members": Object {
          "callSignatures": Array [],
          "constructSignatures": Array [],
          "indexSignatures": Array [],
          "methods": Array [],
          "properties": Array [
            Object {
              "docs": Array [],
              "id": "AxiosBasicCredentials.password",
              "isOptional": false,
              "isReadonly": false,
              "kind": "InterfacePropertyDeclaration",
              "name": "password",
              "signature": "password: string;",
              "source": Object {
                "filename": "index.d.ts",
                "line": 11,
                "url": "https://github.com/axios/axios/tree/a64050a6cfbcc708a55a7dc8030d85b1c78cdf38/index.d.ts#L11",
              },
              "type": "string",
            },
            Object {
              "docs": Array [],
              "id": "AxiosBasicCredentials.username",
              "isOptional": false,
              "isReadonly": false,
              "kind": "InterfacePropertyDeclaration",
              "name": "username",
              "signature": "username: string;",
              "source": Object {
                "filename": "index.d.ts",
                "line": 10,
                "url": "https://github.com/axios/axios/tree/a64050a6cfbcc708a55a7dc8030d85b1c78cdf38/index.d.ts#L10",
              },
              "type": "string",
            },
          ],
        },
        "name": "AxiosBasicCredentials",
        "signature": "interface AxiosBasicCredentials {}",
        "source": Object {
          "filename": "index.d.ts",
          "line": 9,
          "url": "https://github.com/axios/axios/tree/a64050a6cfbcc708a55a7dc8030d85b1c78cdf38/index.d.ts#L9",
        },
      },
      Object {
        "docs": Array [],
        "id": "AxiosError",
        "kind": "InterfaceDeclaration",
        "members": Object {
          "callSignatures": Array [],
          "constructSignatures": Array [],
          "indexSignatures": Array [],
          "methods": Array [],
          "properties": Array [
            Object {
              "docs": Array [],
              "id": "AxiosError.code",
              "isOptional": true,
              "isReadonly": false,
              "kind": "InterfacePropertyDeclaration",
              "name": "code",
              "signature": "code?: string;",
              "source": Object {
                "filename": "index.d.ts",
                "line": 87,
                "url": "https://github.com/axios/axios/tree/a64050a6cfbcc708a55a7dc8030d85b1c78cdf38/index.d.ts#L87",
              },
              "type": "string",
            },
            Object {
              "docs": Array [],
              "id": "AxiosError.config",
              "isOptional": false,
              "isReadonly": false,
              "kind": "InterfacePropertyDeclaration",
              "name": "config",
              "signature": "config: AxiosRequestConfig;",
              "source": Object {
                "filename": "index.d.ts",
                "line": 86,
                "url": "https://github.com/axios/axios/tree/a64050a6cfbcc708a55a7dc8030d85b1c78cdf38/index.d.ts#L86",
              },
              "type": "AxiosRequestConfig",
            },
            Object {
              "docs": Array [],
              "id": "AxiosError.isAxiosError",
              "isOptional": false,
              "isReadonly": false,
              "kind": "InterfacePropertyDeclaration",
              "name": "isAxiosError",
              "signature": "isAxiosError: boolean;",
              "source": Object {
                "filename": "index.d.ts",
                "line": 90,
                "url": "https://github.com/axios/axios/tree/a64050a6cfbcc708a55a7dc8030d85b1c78cdf38/index.d.ts#L90",
              },
              "type": "boolean",
            },
            Object {
              "docs": Array [],
              "id": "AxiosError.request",
              "isOptional": true,
              "isReadonly": false,
              "kind": "InterfacePropertyDeclaration",
              "name": "request",
              "signature": "request?: any;",
              "source": Object {
                "filename": "index.d.ts",
                "line": 88,
                "url": "https://github.com/axios/axios/tree/a64050a6cfbcc708a55a7dc8030d85b1c78cdf38/index.d.ts#L88",
              },
              "type": "any",
            },
            Object {
              "docs": Array [],
              "id": "AxiosError.response",
              "isOptional": true,
              "isReadonly": false,
              "kind": "InterfacePropertyDeclaration",
              "name": "response",
              "signature": "response?: AxiosResponse<T>;",
              "source": Object {
                "filename": "index.d.ts",
                "line": 89,
                "url": "https://github.com/axios/axios/tree/a64050a6cfbcc708a55a7dc8030d85b1c78cdf38/index.d.ts#L89",
              },
              "type": "AxiosResponse<T>",
            },
            Object {
              "docs": Array [],
              "id": "AxiosError.toJSON",
              "isOptional": false,
              "isReadonly": false,
              "kind": "InterfacePropertyDeclaration",
              "name": "toJSON",
              "signature": "toJSON: () => object;",
              "source": Object {
                "filename": "index.d.ts",
                "line": 91,
                "url": "https://github.com/axios/axios/tree/a64050a6cfbcc708a55a7dc8030d85b1c78cdf38/index.d.ts#L91",
              },
              "type": "() => object",
            },
          ],
        },
        "name": "AxiosError",
        "signature": "interface AxiosError<T = any> extends Error {}",
        "source": Object {
          "filename": "index.d.ts",
          "line": 85,
          "url": "https://github.com/axios/axios/tree/a64050a6cfbcc708a55a7dc8030d85b1c78cdf38/index.d.ts#L85",
        },
      },
      Object {
        "docs": Array [],
        "id": "AxiosInstance",
        "kind": "InterfaceDeclaration",
        "members": Object {
          "callSignatures": Array [
            Object {
              "docs": Array [],
              "id": "AxiosInstance.0-call-signature",
              "kind": "InterfaceCallSignatureDeclaration",
              "name": "call signature",
              "signature": "(config: AxiosRequestConfig): AxiosPromise;",
              "source": Object {
                "filename": "index.d.ts",
                "line": 131,
                "url": "https://github.com/axios/axios/tree/a64050a6cfbcc708a55a7dc8030d85b1c78cdf38/index.d.ts#L131",
              },
            },
            Object {
              "docs": Array [],
              "id": "AxiosInstance.1-call-signature",
              "kind": "InterfaceCallSignatureDeclaration",
              "name": "call signature",
              "signature": "(url: string, config?: AxiosRequestConfig): AxiosPromise;",
              "source": Object {
                "filename": "index.d.ts",
                "line": 132,
                "url": "https://github.com/axios/axios/tree/a64050a6cfbcc708a55a7dc8030d85b1c78cdf38/index.d.ts#L132",
              },
            },
          ],
          "constructSignatures": Array [],
          "indexSignatures": Array [],
          "methods": Array [
            Object {
              "docs": Array [],
              "id": "AxiosInstance.delete",
              "kind": "InterfaceMethodDeclaration",
              "name": "delete",
              "signature": "delete: <T = any, R = AxiosResponse<T>>(
    url: string,
    config?: AxiosRequestConfig
) => Promise<R>;",
              "source": Object {
                "filename": "index.d.ts",
                "line": 141,
                "url": "https://github.com/axios/axios/tree/a64050a6cfbcc708a55a7dc8030d85b1c78cdf38/index.d.ts#L141",
              },
              "type": "<T = any, R = AxiosResponse<T>>(url: string, config?: AxiosRequestConfig) => Promise<R>",
            },
            Object {
              "docs": Array [],
              "id": "AxiosInstance.get",
              "kind": "InterfaceMethodDeclaration",
              "name": "get",
              "signature": "get: <T = any, R = AxiosResponse<T>>(
    url: string,
    config?: AxiosRequestConfig
) => Promise<R>;",
              "source": Object {
                "filename": "index.d.ts",
                "line": 140,
                "url": "https://github.com/axios/axios/tree/a64050a6cfbcc708a55a7dc8030d85b1c78cdf38/index.d.ts#L140",
              },
              "type": "<T = any, R = AxiosResponse<T>>(url: string, config?: AxiosRequestConfig) => Promise<R>",
            },
            Object {
              "docs": Array [],
              "id": "AxiosInstance.getUri",
              "kind": "InterfaceMethodDeclaration",
              "name": "getUri",
              "signature": "getUri: (config?: AxiosRequestConfig) => string;",
              "source": Object {
                "filename": "index.d.ts",
                "line": 138,
                "url": "https://github.com/axios/axios/tree/a64050a6cfbcc708a55a7dc8030d85b1c78cdf38/index.d.ts#L138",
              },
              "type": "(config?: AxiosRequestConfig) => string",
            },
            Object {
              "docs": Array [],
              "id": "AxiosInstance.head",
              "kind": "InterfaceMethodDeclaration",
              "name": "head",
              "signature": "head: <T = any, R = AxiosResponse<T>>(
    url: string,
    config?: AxiosRequestConfig
) => Promise<R>;",
              "source": Object {
                "filename": "index.d.ts",
                "line": 142,
                "url": "https://github.com/axios/axios/tree/a64050a6cfbcc708a55a7dc8030d85b1c78cdf38/index.d.ts#L142",
              },
              "type": "<T = any, R = AxiosResponse<T>>(url: string, config?: AxiosRequestConfig) => Promise<R>",
            },
            Object {
              "docs": Array [],
              "id": "AxiosInstance.options",
              "kind": "InterfaceMethodDeclaration",
              "name": "options",
              "signature": "options: <T = any, R = AxiosResponse<T>>(
    url: string,
    config?: AxiosRequestConfig
) => Promise<R>;",
              "source": Object {
                "filename": "index.d.ts",
                "line": 143,
                "url": "https://github.com/axios/axios/tree/a64050a6cfbcc708a55a7dc8030d85b1c78cdf38/index.d.ts#L143",
              },
              "type": "<T = any, R = AxiosResponse<T>>(url: string, config?: AxiosRequestConfig) => Promise<R>",
            },
            Object {
              "docs": Array [],
              "id": "AxiosInstance.patch",
              "kind": "InterfaceMethodDeclaration",
              "name": "patch",
              "signature": "patch: <T = any, R = AxiosResponse<T>>(
    url: string,
    data?: any,
    config?: AxiosRequestConfig
) => Promise<R>;",
              "source": Object {
                "filename": "index.d.ts",
                "line": 146,
                "url": "https://github.com/axios/axios/tree/a64050a6cfbcc708a55a7dc8030d85b1c78cdf38/index.d.ts#L146",
              },
              "type": "<T = any, R = AxiosResponse<T>>(url: string, data?: any, config?: AxiosRequestConfig) => Promise<R>",
            },
            Object {
              "docs": Array [],
              "id": "AxiosInstance.post",
              "kind": "InterfaceMethodDeclaration",
              "name": "post",
              "signature": "post: <T = any, R = AxiosResponse<T>>(
    url: string,
    data?: any,
    config?: AxiosRequestConfig
) => Promise<R>;",
              "source": Object {
                "filename": "index.d.ts",
                "line": 144,
                "url": "https://github.com/axios/axios/tree/a64050a6cfbcc708a55a7dc8030d85b1c78cdf38/index.d.ts#L144",
              },
              "type": "<T = any, R = AxiosResponse<T>>(url: string, data?: any, config?: AxiosRequestConfig) => Promise<R>",
            },
            Object {
              "docs": Array [],
              "id": "AxiosInstance.put",
              "kind": "InterfaceMethodDeclaration",
              "name": "put",
              "signature": "put: <T = any, R = AxiosResponse<T>>(
    url: string,
    data?: any,
    config?: AxiosRequestConfig
) => Promise<R>;",
              "source": Object {
                "filename": "index.d.ts",
                "line": 145,
                "url": "https://github.com/axios/axios/tree/a64050a6cfbcc708a55a7dc8030d85b1c78cdf38/index.d.ts#L145",
              },
              "type": "<T = any, R = AxiosResponse<T>>(url: string, data?: any, config?: AxiosRequestConfig) => Promise<R>",
            },
            Object {
              "docs": Array [],
              "id": "AxiosInstance.request",
              "kind": "InterfaceMethodDeclaration",
              "name": "request",
              "signature": "request: <T = any, R = AxiosResponse<T>>(
    config: AxiosRequestConfig
) => Promise<R>;",
              "source": Object {
                "filename": "index.d.ts",
                "line": 139,
                "url": "https://github.com/axios/axios/tree/a64050a6cfbcc708a55a7dc8030d85b1c78cdf38/index.d.ts#L139",
              },
              "type": "<T = any, R = AxiosResponse<T>>(config: AxiosRequestConfig) => Promise<R>",
            },
          ],
          "properties": Array [
            Object {
              "docs": Array [],
              "id": "AxiosInstance.defaults",
              "isOptional": false,
              "isReadonly": false,
              "kind": "InterfacePropertyDeclaration",
              "name": "defaults",
              "signature": "defaults: AxiosRequestConfig;",
              "source": Object {
                "filename": "index.d.ts",
                "line": 133,
                "url": "https://github.com/axios/axios/tree/a64050a6cfbcc708a55a7dc8030d85b1c78cdf38/index.d.ts#L133",
              },
              "type": "AxiosRequestConfig",
            },
            Object {
              "docs": Array [],
              "id": "AxiosInstance.interceptors",
              "isOptional": false,
              "isReadonly": false,
              "kind": "InterfacePropertyDeclaration",
              "name": "interceptors",
              "signature": "interceptors: {
    request: AxiosInterceptorManager<AxiosRequestConfig>;
    response: AxiosInterceptorManager<AxiosResponse>;
};",
              "source": Object {
                "filename": "index.d.ts",
                "line": 134,
                "url": "https://github.com/axios/axios/tree/a64050a6cfbcc708a55a7dc8030d85b1c78cdf38/index.d.ts#L134",
              },
              "type": "{ request: AxiosInterceptorManager<AxiosRequestConfig>; response: AxiosInterceptorManager<AxiosResponse>; }",
            },
          ],
        },
        "name": "AxiosInstance",
        "signature": "interface AxiosInstance {}",
        "source": Object {
          "filename": "index.d.ts",
          "line": 130,
          "url": "https://github.com/axios/axios/tree/a64050a6cfbcc708a55a7dc8030d85b1c78cdf38/index.d.ts#L130",
        },
      },
      Object {
        "docs": Array [],
        "id": "AxiosInterceptorManager",
        "kind": "InterfaceDeclaration",
        "members": Object {
          "callSignatures": Array [],
          "constructSignatures": Array [],
          "indexSignatures": Array [],
          "methods": Array [
            Object {
              "docs": Array [],
              "id": "AxiosInterceptorManager.eject",
              "kind": "InterfaceMethodDeclaration",
              "name": "eject",
              "signature": "eject: (id: number) => void;",
              "source": Object {
                "filename": "index.d.ts",
                "line": 127,
                "url": "https://github.com/axios/axios/tree/a64050a6cfbcc708a55a7dc8030d85b1c78cdf38/index.d.ts#L127",
              },
              "type": "(id: number) => void",
            },
            Object {
              "docs": Array [],
              "id": "AxiosInterceptorManager.use",
              "kind": "InterfaceMethodDeclaration",
              "name": "use",
              "signature": "use: (
    onFulfilled?: (value: V) => V | Promise<V>,
    onRejected?: (error: any) => any
) => number;",
              "source": Object {
                "filename": "index.d.ts",
                "line": 126,
                "url": "https://github.com/axios/axios/tree/a64050a6cfbcc708a55a7dc8030d85b1c78cdf38/index.d.ts#L126",
              },
              "type": "(onFulfilled?: (value: V) => V | Promise<V>, onRejected?: (error: any) => any) => number",
            },
          ],
          "properties": Array [],
        },
        "name": "AxiosInterceptorManager",
        "signature": "interface AxiosInterceptorManager<V> {}",
        "source": Object {
          "filename": "index.d.ts",
          "line": 125,
          "url": "https://github.com/axios/axios/tree/a64050a6cfbcc708a55a7dc8030d85b1c78cdf38/index.d.ts#L125",
        },
      },
      Object {
        "docs": Array [],
        "id": "AxiosPromise",
        "kind": "InterfaceDeclaration",
        "members": Object {
          "callSignatures": Array [],
          "constructSignatures": Array [],
          "indexSignatures": Array [],
          "methods": Array [],
          "properties": Array [],
        },
        "name": "AxiosPromise",
        "signature": "interface AxiosPromise<T = any> extends Promise<AxiosResponse<T>> {}",
        "source": Object {
          "filename": "index.d.ts",
          "line": 94,
          "url": "https://github.com/axios/axios/tree/a64050a6cfbcc708a55a7dc8030d85b1c78cdf38/index.d.ts#L94",
        },
      },
      Object {
        "docs": Array [],
        "id": "AxiosProxyConfig",
        "kind": "InterfaceDeclaration",
        "members": Object {
          "callSignatures": Array [],
          "constructSignatures": Array [],
          "indexSignatures": Array [],
          "methods": Array [],
          "properties": Array [
            Object {
              "docs": Array [],
              "id": "AxiosProxyConfig.auth",
              "isOptional": true,
              "isReadonly": false,
              "kind": "InterfacePropertyDeclaration",
              "name": "auth",
              "signature": "auth?: {
    username: string;
    password: string;
};",
              "source": Object {
                "filename": "index.d.ts",
                "line": 17,
                "url": "https://github.com/axios/axios/tree/a64050a6cfbcc708a55a7dc8030d85b1c78cdf38/index.d.ts#L17",
              },
              "type": "{ username: string; password: string; }",
            },
            Object {
              "docs": Array [],
              "id": "AxiosProxyConfig.host",
              "isOptional": false,
              "isReadonly": false,
              "kind": "InterfacePropertyDeclaration",
              "name": "host",
              "signature": "host: string;",
              "source": Object {
                "filename": "index.d.ts",
                "line": 15,
                "url": "https://github.com/axios/axios/tree/a64050a6cfbcc708a55a7dc8030d85b1c78cdf38/index.d.ts#L15",
              },
              "type": "string",
            },
            Object {
              "docs": Array [],
              "id": "AxiosProxyConfig.port",
              "isOptional": false,
              "isReadonly": false,
              "kind": "InterfacePropertyDeclaration",
              "name": "port",
              "signature": "port: number;",
              "source": Object {
                "filename": "index.d.ts",
                "line": 16,
                "url": "https://github.com/axios/axios/tree/a64050a6cfbcc708a55a7dc8030d85b1c78cdf38/index.d.ts#L16",
              },
              "type": "number",
            },
            Object {
              "docs": Array [],
              "id": "AxiosProxyConfig.protocol",
              "isOptional": true,
              "isReadonly": false,
              "kind": "InterfacePropertyDeclaration",
              "name": "protocol",
              "signature": "protocol?: string;",
              "source": Object {
                "filename": "index.d.ts",
                "line": 21,
                "url": "https://github.com/axios/axios/tree/a64050a6cfbcc708a55a7dc8030d85b1c78cdf38/index.d.ts#L21",
              },
              "type": "string",
            },
          ],
        },
        "name": "AxiosProxyConfig",
        "signature": "interface AxiosProxyConfig {}",
        "source": Object {
          "filename": "index.d.ts",
          "line": 14,
          "url": "https://github.com/axios/axios/tree/a64050a6cfbcc708a55a7dc8030d85b1c78cdf38/index.d.ts#L14",
        },
      },
      Object {
        "docs": Array [],
        "id": "AxiosRequestConfig",
        "kind": "InterfaceDeclaration",
        "members": Object {
          "callSignatures": Array [],
          "constructSignatures": Array [],
          "indexSignatures": Array [],
          "methods": Array [],
          "properties": Array [
            Object {
              "docs": Array [],
              "id": "AxiosRequestConfig.adapter",
              "isOptional": true,
              "isReadonly": false,
              "kind": "InterfacePropertyDeclaration",
              "name": "adapter",
              "signature": "adapter?: AxiosAdapter;",
              "source": Object {
                "filename": "index.d.ts",
                "line": 57,
                "url": "https://github.com/axios/axios/tree/a64050a6cfbcc708a55a7dc8030d85b1c78cdf38/index.d.ts#L57",
              },
              "type": "AxiosAdapter",
            },
            Object {
              "docs": Array [],
              "id": "AxiosRequestConfig.auth",
              "isOptional": true,
              "isReadonly": false,
              "kind": "InterfacePropertyDeclaration",
              "name": "auth",
              "signature": "auth?: AxiosBasicCredentials;",
              "source": Object {
                "filename": "index.d.ts",
                "line": 58,
                "url": "https://github.com/axios/axios/tree/a64050a6cfbcc708a55a7dc8030d85b1c78cdf38/index.d.ts#L58",
              },
              "type": "AxiosBasicCredentials",
            },
            Object {
              "docs": Array [],
              "id": "AxiosRequestConfig.baseURL",
              "isOptional": true,
              "isReadonly": false,
              "kind": "InterfacePropertyDeclaration",
              "name": "baseURL",
              "signature": "baseURL?: string;",
              "source": Object {
                "filename": "index.d.ts",
                "line": 47,
                "url": "https://github.com/axios/axios/tree/a64050a6cfbcc708a55a7dc8030d85b1c78cdf38/index.d.ts#L47",
              },
              "type": "string",
            },
            Object {
              "docs": Array [],
              "id": "AxiosRequestConfig.cancelToken",
              "isOptional": true,
              "isReadonly": false,
              "kind": "InterfacePropertyDeclaration",
              "name": "cancelToken",
              "signature": "cancelToken?: CancelToken;",
              "source": Object {
                "filename": "index.d.ts",
                "line": 72,
                "url": "https://github.com/axios/axios/tree/a64050a6cfbcc708a55a7dc8030d85b1c78cdf38/index.d.ts#L72",
              },
              "type": "CancelToken",
            },
            Object {
              "docs": Array [],
              "id": "AxiosRequestConfig.data",
              "isOptional": true,
              "isReadonly": false,
              "kind": "InterfacePropertyDeclaration",
              "name": "data",
              "signature": "data?: any;",
              "source": Object {
                "filename": "index.d.ts",
                "line": 53,
                "url": "https://github.com/axios/axios/tree/a64050a6cfbcc708a55a7dc8030d85b1c78cdf38/index.d.ts#L53",
              },
              "type": "any",
            },
            Object {
              "docs": Array [],
              "id": "AxiosRequestConfig.decompress",
              "isOptional": true,
              "isReadonly": false,
              "kind": "InterfacePropertyDeclaration",
              "name": "decompress",
              "signature": "decompress?: boolean;",
              "source": Object {
                "filename": "index.d.ts",
                "line": 73,
                "url": "https://github.com/axios/axios/tree/a64050a6cfbcc708a55a7dc8030d85b1c78cdf38/index.d.ts#L73",
              },
              "type": "boolean",
            },
            Object {
              "docs": Array [],
              "id": "AxiosRequestConfig.headers",
              "isOptional": true,
              "isReadonly": false,
              "kind": "InterfacePropertyDeclaration",
              "name": "headers",
              "signature": "headers?: any;",
              "source": Object {
                "filename": "index.d.ts",
                "line": 50,
                "url": "https://github.com/axios/axios/tree/a64050a6cfbcc708a55a7dc8030d85b1c78cdf38/index.d.ts#L50",
              },
              "type": "any",
            },
            Object {
              "docs": Array [],
              "id": "AxiosRequestConfig.httpAgent",
              "isOptional": true,
              "isReadonly": false,
              "kind": "InterfacePropertyDeclaration",
              "name": "httpAgent",
              "signature": "httpAgent?: any;",
              "source": Object {
                "filename": "index.d.ts",
                "line": 69,
                "url": "https://github.com/axios/axios/tree/a64050a6cfbcc708a55a7dc8030d85b1c78cdf38/index.d.ts#L69",
              },
              "type": "any",
            },
            Object {
              "docs": Array [],
              "id": "AxiosRequestConfig.httpsAgent",
              "isOptional": true,
              "isReadonly": false,
              "kind": "InterfacePropertyDeclaration",
              "name": "httpsAgent",
              "signature": "httpsAgent?: any;",
              "source": Object {
                "filename": "index.d.ts",
                "line": 70,
                "url": "https://github.com/axios/axios/tree/a64050a6cfbcc708a55a7dc8030d85b1c78cdf38/index.d.ts#L70",
              },
              "type": "any",
            },
            Object {
              "docs": Array [],
              "id": "AxiosRequestConfig.maxBodyLength",
              "isOptional": true,
              "isReadonly": false,
              "kind": "InterfacePropertyDeclaration",
              "name": "maxBodyLength",
              "signature": "maxBodyLength?: number;",
              "source": Object {
                "filename": "index.d.ts",
                "line": 66,
                "url": "https://github.com/axios/axios/tree/a64050a6cfbcc708a55a7dc8030d85b1c78cdf38/index.d.ts#L66",
              },
              "type": "number",
            },
            Object {
              "docs": Array [],
              "id": "AxiosRequestConfig.maxContentLength",
              "isOptional": true,
              "isReadonly": false,
              "kind": "InterfacePropertyDeclaration",
              "name": "maxContentLength",
              "signature": "maxContentLength?: number;",
              "source": Object {
                "filename": "index.d.ts",
                "line": 64,
                "url": "https://github.com/axios/axios/tree/a64050a6cfbcc708a55a7dc8030d85b1c78cdf38/index.d.ts#L64",
              },
              "type": "number",
            },
            Object {
              "docs": Array [],
              "id": "AxiosRequestConfig.maxRedirects",
              "isOptional": true,
              "isReadonly": false,
              "kind": "InterfacePropertyDeclaration",
              "name": "maxRedirects",
              "signature": "maxRedirects?: number;",
              "source": Object {
                "filename": "index.d.ts",
                "line": 67,
                "url": "https://github.com/axios/axios/tree/a64050a6cfbcc708a55a7dc8030d85b1c78cdf38/index.d.ts#L67",
              },
              "type": "number",
            },
            Object {
              "docs": Array [],
              "id": "AxiosRequestConfig.method",
              "isOptional": true,
              "isReadonly": false,
              "kind": "InterfacePropertyDeclaration",
              "name": "method",
              "signature": "method?: Method;",
              "source": Object {
                "filename": "index.d.ts",
                "line": 46,
                "url": "https://github.com/axios/axios/tree/a64050a6cfbcc708a55a7dc8030d85b1c78cdf38/index.d.ts#L46",
              },
              "type": "Method",
            },
            Object {
              "docs": Array [],
              "id": "AxiosRequestConfig.onDownloadProgress",
              "isOptional": true,
              "isReadonly": false,
              "kind": "InterfacePropertyDeclaration",
              "name": "onDownloadProgress",
              "signature": "onDownloadProgress?: (progressEvent: any) => void;",
              "source": Object {
                "filename": "index.d.ts",
                "line": 63,
                "url": "https://github.com/axios/axios/tree/a64050a6cfbcc708a55a7dc8030d85b1c78cdf38/index.d.ts#L63",
              },
              "type": "(progressEvent: any) => void",
            },
            Object {
              "docs": Array [],
              "id": "AxiosRequestConfig.onUploadProgress",
              "isOptional": true,
              "isReadonly": false,
              "kind": "InterfacePropertyDeclaration",
              "name": "onUploadProgress",
              "signature": "onUploadProgress?: (progressEvent: any) => void;",
              "source": Object {
                "filename": "index.d.ts",
                "line": 62,
                "url": "https://github.com/axios/axios/tree/a64050a6cfbcc708a55a7dc8030d85b1c78cdf38/index.d.ts#L62",
              },
              "type": "(progressEvent: any) => void",
            },
            Object {
              "docs": Array [],
              "id": "AxiosRequestConfig.params",
              "isOptional": true,
              "isReadonly": false,
              "kind": "InterfacePropertyDeclaration",
              "name": "params",
              "signature": "params?: any;",
              "source": Object {
                "filename": "index.d.ts",
                "line": 51,
                "url": "https://github.com/axios/axios/tree/a64050a6cfbcc708a55a7dc8030d85b1c78cdf38/index.d.ts#L51",
              },
              "type": "any",
            },
            Object {
              "docs": Array [],
              "id": "AxiosRequestConfig.paramsSerializer",
              "isOptional": true,
              "isReadonly": false,
              "kind": "InterfacePropertyDeclaration",
              "name": "paramsSerializer",
              "signature": "paramsSerializer?: (params: any) => string;",
              "source": Object {
                "filename": "index.d.ts",
                "line": 52,
                "url": "https://github.com/axios/axios/tree/a64050a6cfbcc708a55a7dc8030d85b1c78cdf38/index.d.ts#L52",
              },
              "type": "(params: any) => string",
            },
            Object {
              "docs": Array [],
              "id": "AxiosRequestConfig.proxy",
              "isOptional": true,
              "isReadonly": false,
              "kind": "InterfacePropertyDeclaration",
              "name": "proxy",
              "signature": "proxy?: AxiosProxyConfig | false;",
              "source": Object {
                "filename": "index.d.ts",
                "line": 71,
                "url": "https://github.com/axios/axios/tree/a64050a6cfbcc708a55a7dc8030d85b1c78cdf38/index.d.ts#L71",
              },
              "type": "false | AxiosProxyConfig",
            },
            Object {
              "docs": Array [],
              "id": "AxiosRequestConfig.responseType",
              "isOptional": true,
              "isReadonly": false,
              "kind": "InterfacePropertyDeclaration",
              "name": "responseType",
              "signature": "responseType?: ResponseType;",
              "source": Object {
                "filename": "index.d.ts",
                "line": 59,
                "url": "https://github.com/axios/axios/tree/a64050a6cfbcc708a55a7dc8030d85b1c78cdf38/index.d.ts#L59",
              },
              "type": "ResponseType",
            },
            Object {
              "docs": Array [],
              "id": "AxiosRequestConfig.socketPath",
              "isOptional": true,
              "isReadonly": false,
              "kind": "InterfacePropertyDeclaration",
              "name": "socketPath",
              "signature": "socketPath?: string | null;",
              "source": Object {
                "filename": "index.d.ts",
                "line": 68,
                "url": "https://github.com/axios/axios/tree/a64050a6cfbcc708a55a7dc8030d85b1c78cdf38/index.d.ts#L68",
              },
              "type": "string",
            },
            Object {
              "docs": Array [],
              "id": "AxiosRequestConfig.timeout",
              "isOptional": true,
              "isReadonly": false,
              "kind": "InterfacePropertyDeclaration",
              "name": "timeout",
              "signature": "timeout?: number;",
              "source": Object {
                "filename": "index.d.ts",
                "line": 54,
                "url": "https://github.com/axios/axios/tree/a64050a6cfbcc708a55a7dc8030d85b1c78cdf38/index.d.ts#L54",
              },
              "type": "number",
            },
            Object {
              "docs": Array [],
              "id": "AxiosRequestConfig.timeoutErrorMessage",
              "isOptional": true,
              "isReadonly": false,
              "kind": "InterfacePropertyDeclaration",
              "name": "timeoutErrorMessage",
              "signature": "timeoutErrorMessage?: string;",
              "source": Object {
                "filename": "index.d.ts",
                "line": 55,
                "url": "https://github.com/axios/axios/tree/a64050a6cfbcc708a55a7dc8030d85b1c78cdf38/index.d.ts#L55",
              },
              "type": "string",
            },
            Object {
              "docs": Array [],
              "id": "AxiosRequestConfig.transformRequest",
              "isOptional": true,
              "isReadonly": false,
              "kind": "InterfacePropertyDeclaration",
              "name": "transformRequest",
              "signature": "transformRequest?: AxiosTransformer | AxiosTransformer[];",
              "source": Object {
                "filename": "index.d.ts",
                "line": 48,
                "url": "https://github.com/axios/axios/tree/a64050a6cfbcc708a55a7dc8030d85b1c78cdf38/index.d.ts#L48",
              },
              "type": "AxiosTransformer | AxiosTransformer[]",
            },
            Object {
              "docs": Array [],
              "id": "AxiosRequestConfig.transformResponse",
              "isOptional": true,
              "isReadonly": false,
              "kind": "InterfacePropertyDeclaration",
              "name": "transformResponse",
              "signature": "transformResponse?: AxiosTransformer | AxiosTransformer[];",
              "source": Object {
                "filename": "index.d.ts",
                "line": 49,
                "url": "https://github.com/axios/axios/tree/a64050a6cfbcc708a55a7dc8030d85b1c78cdf38/index.d.ts#L49",
              },
              "type": "AxiosTransformer | AxiosTransformer[]",
            },
            Object {
              "docs": Array [],
              "id": "AxiosRequestConfig.url",
              "isOptional": true,
              "isReadonly": false,
              "kind": "InterfacePropertyDeclaration",
              "name": "url",
              "signature": "url?: string;",
              "source": Object {
                "filename": "index.d.ts",
                "line": 45,
                "url": "https://github.com/axios/axios/tree/a64050a6cfbcc708a55a7dc8030d85b1c78cdf38/index.d.ts#L45",
              },
              "type": "string",
            },
            Object {
              "docs": Array [],
              "id": "AxiosRequestConfig.validateStatus",
              "isOptional": true,
              "isReadonly": false,
              "kind": "InterfacePropertyDeclaration",
              "name": "validateStatus",
              "signature": "validateStatus?: ((status: number) => boolean) | null;",
              "source": Object {
                "filename": "index.d.ts",
                "line": 65,
                "url": "https://github.com/axios/axios/tree/a64050a6cfbcc708a55a7dc8030d85b1c78cdf38/index.d.ts#L65",
              },
              "type": "(status: number) => boolean",
            },
            Object {
              "docs": Array [],
              "id": "AxiosRequestConfig.withCredentials",
              "isOptional": true,
              "isReadonly": false,
              "kind": "InterfacePropertyDeclaration",
              "name": "withCredentials",
              "signature": "withCredentials?: boolean;",
              "source": Object {
                "filename": "index.d.ts",
                "line": 56,
                "url": "https://github.com/axios/axios/tree/a64050a6cfbcc708a55a7dc8030d85b1c78cdf38/index.d.ts#L56",
              },
              "type": "boolean",
            },
            Object {
              "docs": Array [],
              "id": "AxiosRequestConfig.xsrfCookieName",
              "isOptional": true,
              "isReadonly": false,
              "kind": "InterfacePropertyDeclaration",
              "name": "xsrfCookieName",
              "signature": "xsrfCookieName?: string;",
              "source": Object {
                "filename": "index.d.ts",
                "line": 60,
                "url": "https://github.com/axios/axios/tree/a64050a6cfbcc708a55a7dc8030d85b1c78cdf38/index.d.ts#L60",
              },
              "type": "string",
            },
            Object {
              "docs": Array [],
              "id": "AxiosRequestConfig.xsrfHeaderName",
              "isOptional": true,
              "isReadonly": false,
              "kind": "InterfacePropertyDeclaration",
              "name": "xsrfHeaderName",
              "signature": "xsrfHeaderName?: string;",
              "source": Object {
                "filename": "index.d.ts",
                "line": 61,
                "url": "https://github.com/axios/axios/tree/a64050a6cfbcc708a55a7dc8030d85b1c78cdf38/index.d.ts#L61",
              },
              "type": "string",
            },
          ],
        },
        "name": "AxiosRequestConfig",
        "signature": "interface AxiosRequestConfig {}",
        "source": Object {
          "filename": "index.d.ts",
          "line": 44,
          "url": "https://github.com/axios/axios/tree/a64050a6cfbcc708a55a7dc8030d85b1c78cdf38/index.d.ts#L44",
        },
      },
      Object {
        "docs": Array [],
        "id": "AxiosResponse",
        "kind": "InterfaceDeclaration",
        "members": Object {
          "callSignatures": Array [],
          "constructSignatures": Array [],
          "indexSignatures": Array [],
          "methods": Array [],
          "properties": Array [
            Object {
              "docs": Array [],
              "id": "AxiosResponse.config",
              "isOptional": false,
              "isReadonly": false,
              "kind": "InterfacePropertyDeclaration",
              "name": "config",
              "signature": "config: AxiosRequestConfig;",
              "source": Object {
                "filename": "index.d.ts",
                "line": 81,
                "url": "https://github.com/axios/axios/tree/a64050a6cfbcc708a55a7dc8030d85b1c78cdf38/index.d.ts#L81",
              },
              "type": "AxiosRequestConfig",
            },
            Object {
              "docs": Array [],
              "id": "AxiosResponse.data",
              "isOptional": false,
              "isReadonly": false,
              "kind": "InterfacePropertyDeclaration",
              "name": "data",
              "signature": "data: T;",
              "source": Object {
                "filename": "index.d.ts",
                "line": 77,
                "url": "https://github.com/axios/axios/tree/a64050a6cfbcc708a55a7dc8030d85b1c78cdf38/index.d.ts#L77",
              },
              "type": "{}",
            },
            Object {
              "docs": Array [],
              "id": "AxiosResponse.headers",
              "isOptional": false,
              "isReadonly": false,
              "kind": "InterfacePropertyDeclaration",
              "name": "headers",
              "signature": "headers: any;",
              "source": Object {
                "filename": "index.d.ts",
                "line": 80,
                "url": "https://github.com/axios/axios/tree/a64050a6cfbcc708a55a7dc8030d85b1c78cdf38/index.d.ts#L80",
              },
              "type": "any",
            },
            Object {
              "docs": Array [],
              "id": "AxiosResponse.request",
              "isOptional": true,
              "isReadonly": false,
              "kind": "InterfacePropertyDeclaration",
              "name": "request",
              "signature": "request?: any;",
              "source": Object {
                "filename": "index.d.ts",
                "line": 82,
                "url": "https://github.com/axios/axios/tree/a64050a6cfbcc708a55a7dc8030d85b1c78cdf38/index.d.ts#L82",
              },
              "type": "any",
            },
            Object {
              "docs": Array [],
              "id": "AxiosResponse.status",
              "isOptional": false,
              "isReadonly": false,
              "kind": "InterfacePropertyDeclaration",
              "name": "status",
              "signature": "status: number;",
              "source": Object {
                "filename": "index.d.ts",
                "line": 78,
                "url": "https://github.com/axios/axios/tree/a64050a6cfbcc708a55a7dc8030d85b1c78cdf38/index.d.ts#L78",
              },
              "type": "number",
            },
            Object {
              "docs": Array [],
              "id": "AxiosResponse.statusText",
              "isOptional": false,
              "isReadonly": false,
              "kind": "InterfacePropertyDeclaration",
              "name": "statusText",
              "signature": "statusText: string;",
              "source": Object {
                "filename": "index.d.ts",
                "line": 79,
                "url": "https://github.com/axios/axios/tree/a64050a6cfbcc708a55a7dc8030d85b1c78cdf38/index.d.ts#L79",
              },
              "type": "string",
            },
          ],
        },
        "name": "AxiosResponse",
        "signature": "interface AxiosResponse<T = any> {}",
        "source": Object {
          "filename": "index.d.ts",
          "line": 76,
          "url": "https://github.com/axios/axios/tree/a64050a6cfbcc708a55a7dc8030d85b1c78cdf38/index.d.ts#L76",
        },
      },
      Object {
        "docs": Array [],
        "id": "AxiosStatic",
        "kind": "InterfaceDeclaration",
        "members": Object {
          "callSignatures": Array [],
          "constructSignatures": Array [],
          "indexSignatures": Array [],
          "methods": Array [
            Object {
              "docs": Array [],
              "id": "AxiosStatic.all",
              "kind": "InterfaceMethodDeclaration",
              "name": "all",
              "signature": "all: <T>(values: (T | Promise<T>)[]) => Promise<T[]>;",
              "source": Object {
                "filename": "index.d.ts",
                "line": 154,
                "url": "https://github.com/axios/axios/tree/a64050a6cfbcc708a55a7dc8030d85b1c78cdf38/index.d.ts#L154",
              },
              "type": "<T>(values: (T | Promise<T>)[]) => Promise<T[]>",
            },
            Object {
              "docs": Array [],
              "id": "AxiosStatic.create",
              "kind": "InterfaceMethodDeclaration",
              "name": "create",
              "signature": "create: (config?: AxiosRequestConfig) => AxiosInstance;",
              "source": Object {
                "filename": "index.d.ts",
                "line": 150,
                "url": "https://github.com/axios/axios/tree/a64050a6cfbcc708a55a7dc8030d85b1c78cdf38/index.d.ts#L150",
              },
              "type": "(config?: AxiosRequestConfig) => AxiosInstance",
            },
            Object {
              "docs": Array [],
              "id": "AxiosStatic.isAxiosError",
              "kind": "InterfaceMethodDeclaration",
              "name": "isAxiosError",
              "signature": "isAxiosError: (payload: any) => payload is AxiosError<any>;",
              "source": Object {
                "filename": "index.d.ts",
                "line": 156,
                "url": "https://github.com/axios/axios/tree/a64050a6cfbcc708a55a7dc8030d85b1c78cdf38/index.d.ts#L156",
              },
              "type": "(payload: any) => payload is AxiosError<any>",
            },
            Object {
              "docs": Array [],
              "id": "AxiosStatic.isCancel",
              "kind": "InterfaceMethodDeclaration",
              "name": "isCancel",
              "signature": "isCancel: (value: any) => boolean;",
              "source": Object {
                "filename": "index.d.ts",
                "line": 153,
                "url": "https://github.com/axios/axios/tree/a64050a6cfbcc708a55a7dc8030d85b1c78cdf38/index.d.ts#L153",
              },
              "type": "(value: any) => boolean",
            },
            Object {
              "docs": Array [],
              "id": "AxiosStatic.spread",
              "kind": "InterfaceMethodDeclaration",
              "name": "spread",
              "signature": "spread: <T, R>(callback: (...args: T[]) => R) => (array: T[]) => R;",
              "source": Object {
                "filename": "index.d.ts",
                "line": 155,
                "url": "https://github.com/axios/axios/tree/a64050a6cfbcc708a55a7dc8030d85b1c78cdf38/index.d.ts#L155",
              },
              "type": "<T, R>(callback: (...args: T[]) => R) => (array: T[]) => R",
            },
          ],
          "properties": Array [
            Object {
              "docs": Array [],
              "id": "AxiosStatic.Cancel",
              "isOptional": false,
              "isReadonly": false,
              "kind": "InterfacePropertyDeclaration",
              "name": "Cancel",
              "signature": "Cancel: CancelStatic;",
              "source": Object {
                "filename": "index.d.ts",
                "line": 151,
                "url": "https://github.com/axios/axios/tree/a64050a6cfbcc708a55a7dc8030d85b1c78cdf38/index.d.ts#L151",
              },
              "type": "CancelStatic",
            },
            Object {
              "docs": Array [],
              "id": "AxiosStatic.CancelToken",
              "isOptional": false,
              "isReadonly": false,
              "kind": "InterfacePropertyDeclaration",
              "name": "CancelToken",
              "signature": "CancelToken: CancelTokenStatic;",
              "source": Object {
                "filename": "index.d.ts",
                "line": 152,
                "url": "https://github.com/axios/axios/tree/a64050a6cfbcc708a55a7dc8030d85b1c78cdf38/index.d.ts#L152",
              },
              "type": "CancelTokenStatic",
            },
          ],
        },
        "name": "AxiosStatic",
        "signature": "interface AxiosStatic extends AxiosInstance {}",
        "source": Object {
          "filename": "index.d.ts",
          "line": 149,
          "url": "https://github.com/axios/axios/tree/a64050a6cfbcc708a55a7dc8030d85b1c78cdf38/index.d.ts#L149",
        },
      },
      Object {
        "docs": Array [],
        "id": "AxiosTransformer",
        "kind": "InterfaceDeclaration",
        "members": Object {
          "callSignatures": Array [
            Object {
              "docs": Array [],
              "id": "AxiosTransformer.0-call-signature",
              "kind": "InterfaceCallSignatureDeclaration",
              "name": "call signature",
              "signature": "(data: any, headers?: any): any;",
              "source": Object {
                "filename": "index.d.ts",
                "line": 2,
                "url": "https://github.com/axios/axios/tree/a64050a6cfbcc708a55a7dc8030d85b1c78cdf38/index.d.ts#L2",
              },
            },
          ],
          "constructSignatures": Array [],
          "indexSignatures": Array [],
          "methods": Array [],
          "properties": Array [],
        },
        "name": "AxiosTransformer",
        "signature": "interface AxiosTransformer {}",
        "source": Object {
          "filename": "index.d.ts",
          "line": 1,
          "url": "https://github.com/axios/axios/tree/a64050a6cfbcc708a55a7dc8030d85b1c78cdf38/index.d.ts#L1",
        },
      },
      Object {
        "docs": Array [],
        "id": "Cancel",
        "kind": "InterfaceDeclaration",
        "members": Object {
          "callSignatures": Array [],
          "constructSignatures": Array [],
          "indexSignatures": Array [],
          "methods": Array [],
          "properties": Array [
            Object {
              "docs": Array [],
              "id": "Cancel.message",
              "isOptional": false,
              "isReadonly": false,
              "kind": "InterfacePropertyDeclaration",
              "name": "message",
              "signature": "message: string;",
              "source": Object {
                "filename": "index.d.ts",
                "line": 102,
                "url": "https://github.com/axios/axios/tree/a64050a6cfbcc708a55a7dc8030d85b1c78cdf38/index.d.ts#L102",
              },
              "type": "string",
            },
          ],
        },
        "name": "Cancel",
        "signature": "interface Cancel {}",
        "source": Object {
          "filename": "index.d.ts",
          "line": 101,
          "url": "https://github.com/axios/axios/tree/a64050a6cfbcc708a55a7dc8030d85b1c78cdf38/index.d.ts#L101",
        },
      },
      Object {
        "docs": Array [],
        "id": "Canceler",
        "kind": "InterfaceDeclaration",
        "members": Object {
          "callSignatures": Array [
            Object {
              "docs": Array [],
              "id": "Canceler.0-call-signature",
              "kind": "InterfaceCallSignatureDeclaration",
              "name": "call signature",
              "signature": "(message?: string): void;",
              "source": Object {
                "filename": "index.d.ts",
                "line": 106,
                "url": "https://github.com/axios/axios/tree/a64050a6cfbcc708a55a7dc8030d85b1c78cdf38/index.d.ts#L106",
              },
            },
          ],
          "constructSignatures": Array [],
          "indexSignatures": Array [],
          "methods": Array [],
          "properties": Array [],
        },
        "name": "Canceler",
        "signature": "interface Canceler {}",
        "source": Object {
          "filename": "index.d.ts",
          "line": 105,
          "url": "https://github.com/axios/axios/tree/a64050a6cfbcc708a55a7dc8030d85b1c78cdf38/index.d.ts#L105",
        },
      },
      Object {
        "docs": Array [],
        "id": "CancelStatic",
        "kind": "InterfaceDeclaration",
        "members": Object {
          "callSignatures": Array [],
          "constructSignatures": Array [
            Object {
              "docs": Array [],
              "id": "CancelStatic.0-construct-signature",
              "kind": "InterfaceConstructSignatureDeclaration",
              "name": "construct signature",
              "signature": "new (message?: string): Cancel;",
              "source": Object {
                "filename": "index.d.ts",
                "line": 98,
                "url": "https://github.com/axios/axios/tree/a64050a6cfbcc708a55a7dc8030d85b1c78cdf38/index.d.ts#L98",
              },
            },
          ],
          "indexSignatures": Array [],
          "methods": Array [],
          "properties": Array [],
        },
        "name": "CancelStatic",
        "signature": "interface CancelStatic {}",
        "source": Object {
          "filename": "index.d.ts",
          "line": 97,
          "url": "https://github.com/axios/axios/tree/a64050a6cfbcc708a55a7dc8030d85b1c78cdf38/index.d.ts#L97",
        },
      },
      Object {
        "docs": Array [],
        "id": "CancelToken",
        "kind": "InterfaceDeclaration",
        "members": Object {
          "callSignatures": Array [],
          "constructSignatures": Array [],
          "indexSignatures": Array [],
          "methods": Array [
            Object {
              "docs": Array [],
              "id": "CancelToken.throwIfRequested",
              "kind": "InterfaceMethodDeclaration",
              "name": "throwIfRequested",
              "signature": "throwIfRequested: () => void;",
              "source": Object {
                "filename": "index.d.ts",
                "line": 117,
                "url": "https://github.com/axios/axios/tree/a64050a6cfbcc708a55a7dc8030d85b1c78cdf38/index.d.ts#L117",
              },
              "type": "() => void",
            },
          ],
          "properties": Array [
            Object {
              "docs": Array [],
              "id": "CancelToken.promise",
              "isOptional": false,
              "isReadonly": false,
              "kind": "InterfacePropertyDeclaration",
              "name": "promise",
              "signature": "promise: Promise<Cancel>;",
              "source": Object {
                "filename": "index.d.ts",
                "line": 115,
                "url": "https://github.com/axios/axios/tree/a64050a6cfbcc708a55a7dc8030d85b1c78cdf38/index.d.ts#L115",
              },
              "type": "Promise<Cancel>",
            },
            Object {
              "docs": Array [],
              "id": "CancelToken.reason",
              "isOptional": true,
              "isReadonly": false,
              "kind": "InterfacePropertyDeclaration",
              "name": "reason",
              "signature": "reason?: Cancel;",
              "source": Object {
                "filename": "index.d.ts",
                "line": 116,
                "url": "https://github.com/axios/axios/tree/a64050a6cfbcc708a55a7dc8030d85b1c78cdf38/index.d.ts#L116",
              },
              "type": "Cancel",
            },
          ],
        },
        "name": "CancelToken",
        "signature": "interface CancelToken {}",
        "source": Object {
          "filename": "index.d.ts",
          "line": 114,
          "url": "https://github.com/axios/axios/tree/a64050a6cfbcc708a55a7dc8030d85b1c78cdf38/index.d.ts#L114",
        },
      },
      Object {
        "docs": Array [],
        "id": "CancelTokenSource",
        "kind": "InterfaceDeclaration",
        "members": Object {
          "callSignatures": Array [],
          "constructSignatures": Array [],
          "indexSignatures": Array [],
          "methods": Array [],
          "properties": Array [
            Object {
              "docs": Array [],
              "id": "CancelTokenSource.cancel",
              "isOptional": false,
              "isReadonly": false,
              "kind": "InterfacePropertyDeclaration",
              "name": "cancel",
              "signature": "cancel: Canceler;",
              "source": Object {
                "filename": "index.d.ts",
                "line": 122,
                "url": "https://github.com/axios/axios/tree/a64050a6cfbcc708a55a7dc8030d85b1c78cdf38/index.d.ts#L122",
              },
              "type": "Canceler",
            },
            Object {
              "docs": Array [],
              "id": "CancelTokenSource.token",
              "isOptional": false,
              "isReadonly": false,
              "kind": "InterfacePropertyDeclaration",
              "name": "token",
              "signature": "token: CancelToken;",
              "source": Object {
                "filename": "index.d.ts",
                "line": 121,
                "url": "https://github.com/axios/axios/tree/a64050a6cfbcc708a55a7dc8030d85b1c78cdf38/index.d.ts#L121",
              },
              "type": "CancelToken",
            },
          ],
        },
        "name": "CancelTokenSource",
        "signature": "interface CancelTokenSource {}",
        "source": Object {
          "filename": "index.d.ts",
          "line": 120,
          "url": "https://github.com/axios/axios/tree/a64050a6cfbcc708a55a7dc8030d85b1c78cdf38/index.d.ts#L120",
        },
      },
      Object {
        "docs": Array [],
        "id": "CancelTokenStatic",
        "kind": "InterfaceDeclaration",
        "members": Object {
          "callSignatures": Array [],
          "constructSignatures": Array [
            Object {
              "docs": Array [],
              "id": "CancelTokenStatic.0-construct-signature",
              "kind": "InterfaceConstructSignatureDeclaration",
              "name": "construct signature",
              "signature": "new (executor: (cancel: Canceler) => void): CancelToken;",
              "source": Object {
                "filename": "index.d.ts",
                "line": 110,
                "url": "https://github.com/axios/axios/tree/a64050a6cfbcc708a55a7dc8030d85b1c78cdf38/index.d.ts#L110",
              },
            },
          ],
          "indexSignatures": Array [],
          "methods": Array [
            Object {
              "docs": Array [],
              "id": "CancelTokenStatic.source",
              "kind": "InterfaceMethodDeclaration",
              "name": "source",
              "signature": "source: () => CancelTokenSource;",
              "source": Object {
                "filename": "index.d.ts",
                "line": 111,
                "url": "https://github.com/axios/axios/tree/a64050a6cfbcc708a55a7dc8030d85b1c78cdf38/index.d.ts#L111",
              },
              "type": "() => CancelTokenSource",
            },
          ],
          "properties": Array [],
        },
        "name": "CancelTokenStatic",
        "signature": "interface CancelTokenStatic {}",
        "source": Object {
          "filename": "index.d.ts",
          "line": 109,
          "url": "https://github.com/axios/axios/tree/a64050a6cfbcc708a55a7dc8030d85b1c78cdf38/index.d.ts#L109",
        },
      },
    ],
    "namespaces": Array [],
    "typeAliases": Array [
      Object {
        "docs": Array [],
        "id": "Method",
        "kind": "TypeAliasDeclaration",
        "name": "Method",
        "signature": "type Method =
    | 'get'
    | 'GET'
    | 'delete'
    | 'DELETE'
    | 'head'
    | 'HEAD'
    | 'options'
    | 'OPTIONS'
    | 'post'
    | 'POST'
    | 'put'
    | 'PUT'
    | 'patch'
    | 'PATCH'
    | 'purge'
    | 'PURGE'
    | 'link'
    | 'LINK'
    | 'unlink'
    | 'UNLINK';",
        "source": Object {
          "filename": "index.d.ts",
          "line": 24,
          "url": "https://github.com/axios/axios/tree/a64050a6cfbcc708a55a7dc8030d85b1c78cdf38/index.d.ts#L24",
        },
      },
      Object {
        "docs": Array [],
        "id": "ResponseType",
        "kind": "TypeAliasDeclaration",
        "name": "ResponseType",
        "signature": "type ResponseType = 'arraybuffer' | 'blob' | 'document' | 'json' | 'text' | 'stream';",
        "source": Object {
          "filename": "index.d.ts",
          "line": 36,
          "url": "https://github.com/axios/axios/tree/a64050a6cfbcc708a55a7dc8030d85b1c78cdf38/index.d.ts#L36",
        },
      },
    ],
    "variables": Array [
      Object {
        "docs": Array [],
        "id": "axios",
        "kind": "VariableDeclaration",
        "name": "axios",
        "signature": "const axios: AxiosStatic;",
        "source": Object {
          "filename": "index.d.ts",
          "line": 159,
          "url": "https://github.com/axios/axios/tree/a64050a6cfbcc708a55a7dc8030d85b1c78cdf38/index.d.ts#L159",
        },
        "type": "AxiosStatic",
        "variableKind": "const",
      },
    ],
  },
  "files": Array [
    Object {
      "filename": "index.d.ts",
      "isIndexFile": true,
      "url": "https://github.com/axios/axios/tree/a64050a6cfbcc708a55a7dc8030d85b1c78cdf38/index.d.ts",
    },
  ],
  "overview": undefined,
}
`;
