// Vitest Snapshot v1, https://vitest.dev/guide/snapshot.html

exports[`freebox > 1.3.3 1`] = `
{
  "declarations": {
    "classes": [
      {
        "constructors": [
          {
            "docs": [
              "/**
    @returns Freebox instance
		*/",
            ],
            "id": "Freebox.0-constructor",
            "kind": "ClassConstructorDeclaration",
            "name": "constructor",
            "signature": "constructor(appRegistered: AppRegistered);",
            "source": {
              "filename": "index.d.ts",
              "line": 152,
              "unpkgURL": "https://unpkg.com/browse/freebox@1.3.3/index.d.ts#L152",
              "url": "https://github.com/Matschik/freebox/tree/v1.3.3/index.d.ts#L152",
            },
          },
        ],
        "docs": [],
        "id": "Freebox",
        "isAbstract": false,
        "kind": "ClassDeclaration",
        "members": {
          "methods": [
            {
              "docs": [],
              "id": "Freebox.getChallenge",
              "isStatic": false,
              "kind": "ClassMethodDeclaration",
              "name": "getChallenge",
              "signature": "getChallenge: () => AxiosResponse;",
              "source": {
                "filename": "index.d.ts",
                "line": 170,
                "unpkgURL": "https://unpkg.com/browse/freebox@1.3.3/index.d.ts#L170",
                "url": "https://github.com/Matschik/freebox/tree/v1.3.3/index.d.ts#L170",
              },
              "type": "() => AxiosResponse",
            },
            {
              "docs": [
                "/**
    Login to a Freebox by opening a session.
    
    @returns \`Object\` Session
		*/",
              ],
              "id": "Freebox.login",
              "isStatic": false,
              "kind": "ClassMethodDeclaration",
              "name": "login",
              "signature": "login: (challenge?: string) => Session;",
              "source": {
                "filename": "index.d.ts",
                "line": 166,
                "unpkgURL": "https://unpkg.com/browse/freebox@1.3.3/index.d.ts#L166",
                "url": "https://github.com/Matschik/freebox/tree/v1.3.3/index.d.ts#L166",
              },
              "type": "(challenge?: string) => Session",
            },
            {
              "docs": [
                "/**
    Close the current session.
    
    @returns \`Object\` AxiosResponse
		*/",
              ],
              "id": "Freebox.logout",
              "isStatic": false,
              "kind": "ClassMethodDeclaration",
              "name": "logout",
              "signature": "logout: () => AxiosResponse;",
              "source": {
                "filename": "index.d.ts",
                "line": 177,
                "unpkgURL": "https://unpkg.com/browse/freebox@1.3.3/index.d.ts#L177",
                "url": "https://github.com/Matschik/freebox/tree/v1.3.3/index.d.ts#L177",
              },
              "type": "() => AxiosResponse",
            },
            {
              "docs": [],
              "id": "Freebox.openSession",
              "isStatic": false,
              "kind": "ClassMethodDeclaration",
              "name": "openSession",
              "signature": "openSession: (sessionStart: SessionStart) => AxiosResponse;",
              "source": {
                "filename": "index.d.ts",
                "line": 168,
                "unpkgURL": "https://unpkg.com/browse/freebox@1.3.3/index.d.ts#L168",
                "url": "https://github.com/Matschik/freebox/tree/v1.3.3/index.d.ts#L168",
              },
              "type": "(sessionStart: SessionStart) => AxiosResponse",
            },
            {
              "docs": [
                "/**
    Requests the Freebox by passing an object \`AxiosRequestConfig\` (https://github.com/axios/axios#request-config).
    
    @returns \`Object\` AxiosResponse
		*/",
              ],
              "id": "Freebox.request",
              "isStatic": false,
              "kind": "ClassMethodDeclaration",
              "name": "request",
              "signature": "request: (requestConfig: AxiosRequestConfig) => AxiosResponse;",
              "source": {
                "filename": "index.d.ts",
                "line": 159,
                "unpkgURL": "https://unpkg.com/browse/freebox@1.3.3/index.d.ts#L159",
                "url": "https://github.com/Matschik/freebox/tree/v1.3.3/index.d.ts#L159",
              },
              "type": "(requestConfig: AxiosRequestConfig) => AxiosResponse",
            },
          ],
          "properties": [],
        },
        "name": "Freebox",
        "signature": "class Freebox {}",
        "source": {
          "filename": "index.d.ts",
          "line": 148,
          "unpkgURL": "https://unpkg.com/browse/freebox@1.3.3/index.d.ts#L148",
          "url": "https://github.com/Matschik/freebox/tree/v1.3.3/index.d.ts#L148",
        },
      },
      {
        "constructors": [
          {
            "docs": [],
            "id": "FreeboxRegister.0-constructor",
            "kind": "ClassConstructorDeclaration",
            "name": "constructor",
            "signature": "constructor(appIdentity?: AppIdentity);",
            "source": {
              "filename": "index.d.ts",
              "line": 134,
              "unpkgURL": "https://unpkg.com/browse/freebox@1.3.3/index.d.ts#L134",
              "url": "https://github.com/Matschik/freebox/tree/v1.3.3/index.d.ts#L134",
            },
          },
        ],
        "docs": [],
        "id": "FreeboxRegister",
        "isAbstract": false,
        "kind": "ClassDeclaration",
        "members": {
          "methods": [
            {
              "docs": [],
              "id": "FreeboxRegister.discovery",
              "isStatic": false,
              "kind": "ClassMethodDeclaration",
              "name": "discovery",
              "signature": "discovery: () => AxiosResponse;",
              "source": {
                "filename": "index.d.ts",
                "line": 142,
                "unpkgURL": "https://unpkg.com/browse/freebox@1.3.3/index.d.ts#L142",
                "url": "https://github.com/Matschik/freebox/tree/v1.3.3/index.d.ts#L142",
              },
              "type": "() => AxiosResponse",
            },
            {
              "docs": [],
              "id": "FreeboxRegister.getAuthorizationStatus",
              "isStatic": false,
              "kind": "ClassMethodDeclaration",
              "name": "getAuthorizationStatus",
              "signature": "getAuthorizationStatus: (track_id: number | string) => boolean | AxiosError;",
              "source": {
                "filename": "index.d.ts",
                "line": 144,
                "unpkgURL": "https://unpkg.com/browse/freebox@1.3.3/index.d.ts#L144",
                "url": "https://github.com/Matschik/freebox/tree/v1.3.3/index.d.ts#L144",
              },
              "type": "(track_id: number | string) => boolean | AxiosError",
            },
            {
              "docs": [
                "/**
		Register your app to the Freebox. It requires a manual input on Freebox LCD screen.
    @returns \`Object\` with all the informations needed to login and request your Freebox.
		*/",
              ],
              "id": "FreeboxRegister.register",
              "isStatic": false,
              "kind": "ClassMethodDeclaration",
              "name": "register",
              "signature": "register: (options?: RegisterOptions) => AppRegistered;",
              "source": {
                "filename": "index.d.ts",
                "line": 140,
                "unpkgURL": "https://unpkg.com/browse/freebox@1.3.3/index.d.ts#L140",
                "url": "https://github.com/Matschik/freebox/tree/v1.3.3/index.d.ts#L140",
              },
              "type": "(options?: RegisterOptions) => AppRegistered",
            },
            {
              "docs": [],
              "id": "FreeboxRegister.request",
              "isStatic": false,
              "kind": "ClassMethodDeclaration",
              "name": "request",
              "signature": "request: (requestConfig: AxiosRequestConfig) => AxiosResponse;",
              "source": {
                "filename": "index.d.ts",
                "line": 141,
                "unpkgURL": "https://unpkg.com/browse/freebox@1.3.3/index.d.ts#L141",
                "url": "https://github.com/Matschik/freebox/tree/v1.3.3/index.d.ts#L141",
              },
              "type": "(requestConfig: AxiosRequestConfig) => AxiosResponse",
            },
            {
              "docs": [],
              "id": "FreeboxRegister.requestAuthorization",
              "isStatic": false,
              "kind": "ClassMethodDeclaration",
              "name": "requestAuthorization",
              "signature": "requestAuthorization: () => AxiosResponse;",
              "source": {
                "filename": "index.d.ts",
                "line": 143,
                "unpkgURL": "https://unpkg.com/browse/freebox@1.3.3/index.d.ts#L143",
                "url": "https://github.com/Matschik/freebox/tree/v1.3.3/index.d.ts#L143",
              },
              "type": "() => AxiosResponse",
            },
            {
              "docs": [],
              "id": "FreeboxRegister.trackAuthorizationProgress",
              "isStatic": false,
              "kind": "ClassMethodDeclaration",
              "name": "trackAuthorizationProgress",
              "signature": "trackAuthorizationProgress: (track_id: number | string) => AxiosResponse;",
              "source": {
                "filename": "index.d.ts",
                "line": 145,
                "unpkgURL": "https://unpkg.com/browse/freebox@1.3.3/index.d.ts#L145",
                "url": "https://github.com/Matschik/freebox/tree/v1.3.3/index.d.ts#L145",
              },
              "type": "(track_id: number | string) => AxiosResponse",
            },
          ],
          "properties": [],
        },
        "name": "FreeboxRegister",
        "signature": "class FreeboxRegister {}",
        "source": {
          "filename": "index.d.ts",
          "line": 133,
          "unpkgURL": "https://unpkg.com/browse/freebox@1.3.3/index.d.ts#L133",
          "url": "https://github.com/Matschik/freebox/tree/v1.3.3/index.d.ts#L133",
        },
      },
    ],
    "enums": [],
    "functions": [],
    "interfaces": [
      {
        "docs": [],
        "id": "AppIdentity",
        "kind": "InterfaceDeclaration",
        "members": {
          "callSignatures": [],
          "constructSignatures": [],
          "indexSignatures": [],
          "methods": [],
          "properties": [
            {
              "docs": [
                "/**
    A unique \`app_id\` string.
    
    @default 'fbx.nodejs_app_{generatedId}'
		*/",
              ],
              "id": "AppIdentity.app_id",
              "isOptional": true,
              "isReadonly": false,
              "kind": "InterfacePropertyDeclaration",
              "name": "app_id",
              "signature": "app_id?: string;",
              "source": {
                "filename": "index.d.ts",
                "line": 10,
                "unpkgURL": "https://unpkg.com/browse/freebox@1.3.3/index.d.ts#L10",
                "url": "https://github.com/Matschik/freebox/tree/v1.3.3/index.d.ts#L10",
              },
              "type": "string",
            },
            {
              "docs": [
                "/**
    A descriptive application name (will be displayed on lcd).
    
    @default 'nodejs_app_{generatedId}'
		*/",
              ],
              "id": "AppIdentity.app_name",
              "isOptional": true,
              "isReadonly": false,
              "kind": "InterfacePropertyDeclaration",
              "name": "app_name",
              "signature": "app_name?: string;",
              "source": {
                "filename": "index.d.ts",
                "line": 17,
                "unpkgURL": "https://unpkg.com/browse/freebox@1.3.3/index.d.ts#L17",
                "url": "https://github.com/Matschik/freebox/tree/v1.3.3/index.d.ts#L17",
              },
              "type": "string",
            },
            {
              "docs": [
                "/**
    Your app version.
    
    @default '1.0.0'
		*/",
              ],
              "id": "AppIdentity.app_version",
              "isOptional": true,
              "isReadonly": false,
              "kind": "InterfacePropertyDeclaration",
              "name": "app_version",
              "signature": "app_version?: string;",
              "source": {
                "filename": "index.d.ts",
                "line": 24,
                "unpkgURL": "https://unpkg.com/browse/freebox@1.3.3/index.d.ts#L24",
                "url": "https://github.com/Matschik/freebox/tree/v1.3.3/index.d.ts#L24",
              },
              "type": "string",
            },
            {
              "docs": [
                "/**
    The name of the device on which the app will be used.
    
    @default 'NodeJS'
		*/",
              ],
              "id": "AppIdentity.device_name",
              "isOptional": true,
              "isReadonly": false,
              "kind": "InterfacePropertyDeclaration",
              "name": "device_name",
              "signature": "device_name?: string;",
              "source": {
                "filename": "index.d.ts",
                "line": 31,
                "unpkgURL": "https://unpkg.com/browse/freebox@1.3.3/index.d.ts#L31",
                "url": "https://github.com/Matschik/freebox/tree/v1.3.3/index.d.ts#L31",
              },
              "type": "string",
            },
          ],
        },
        "name": "AppIdentity",
        "signature": "interface AppIdentity {}",
        "source": {
          "filename": "index.d.ts",
          "line": 4,
          "unpkgURL": "https://unpkg.com/browse/freebox@1.3.3/index.d.ts#L4",
          "url": "https://github.com/Matschik/freebox/tree/v1.3.3/index.d.ts#L4",
        },
      },
      {
        "docs": [],
        "id": "AppRegistered",
        "kind": "InterfaceDeclaration",
        "members": {
          "callSignatures": [],
          "constructSignatures": [],
          "indexSignatures": [],
          "methods": [],
          "properties": [
            {
              "docs": [
                "/**
    The API root path on the HTTP server.
    
    @default '/api/'
		*/",
              ],
              "id": "AppRegistered.api_base_url",
              "isOptional": true,
              "isReadonly": false,
              "kind": "InterfacePropertyDeclaration",
              "name": "api_base_url",
              "signature": "api_base_url?: string;",
              "source": {
                "filename": "index.d.ts",
                "line": 78,
                "unpkgURL": "https://unpkg.com/browse/freebox@1.3.3/index.d.ts#L78",
                "url": "https://github.com/Matschik/freebox/tree/v1.3.3/index.d.ts#L78",
              },
              "type": "string",
            },
            {
              "docs": [
                "/**
    The domain to use in place of hardcoded Freebox IP.
    
    @default 'https://mafreebox.freebox.fr'
		*/",
              ],
              "id": "AppRegistered.api_domain",
              "isOptional": true,
              "isReadonly": false,
              "kind": "InterfacePropertyDeclaration",
              "name": "api_domain",
              "signature": "api_domain?: string;",
              "source": {
                "filename": "index.d.ts",
                "line": 66,
                "unpkgURL": "https://unpkg.com/browse/freebox@1.3.3/index.d.ts#L66",
                "url": "https://github.com/Matschik/freebox/tree/v1.3.3/index.d.ts#L66",
              },
              "type": "string",
            },
            {
              "docs": [
                "/**
    The current API version on the Freebox.
		*/",
              ],
              "id": "AppRegistered.api_version",
              "isOptional": false,
              "isReadonly": false,
              "kind": "InterfacePropertyDeclaration",
              "name": "api_version",
              "signature": "api_version: string;",
              "source": {
                "filename": "index.d.ts",
                "line": 83,
                "unpkgURL": "https://unpkg.com/browse/freebox@1.3.3/index.d.ts#L83",
                "url": "https://github.com/Matschik/freebox/tree/v1.3.3/index.d.ts#L83",
              },
              "type": "string",
            },
            {
              "docs": [
                "/**
    Same \`app_id\` used in TokenRequest to get the \`app_token\`.
		*/",
              ],
              "id": "AppRegistered.app_id",
              "isOptional": false,
              "isReadonly": false,
              "kind": "InterfacePropertyDeclaration",
              "name": "app_id",
              "signature": "app_id: string;",
              "source": {
                "filename": "index.d.ts",
                "line": 59,
                "unpkgURL": "https://unpkg.com/browse/freebox@1.3.3/index.d.ts#L59",
                "url": "https://github.com/Matschik/freebox/tree/v1.3.3/index.d.ts#L59",
              },
              "type": "string",
            },
            {
              "docs": [
                "/**
    Unique \`app_token\` provided after authorizing the app via \`FreeboxRegister\` class.
    This token has been associated with a set of default permissions.
		*/",
              ],
              "id": "AppRegistered.app_token",
              "isOptional": false,
              "isReadonly": false,
              "kind": "InterfacePropertyDeclaration",
              "name": "app_token",
              "signature": "app_token: string;",
              "source": {
                "filename": "index.d.ts",
                "line": 54,
                "unpkgURL": "https://unpkg.com/browse/freebox@1.3.3/index.d.ts#L54",
                "url": "https://github.com/Matschik/freebox/tree/v1.3.3/index.d.ts#L54",
              },
              "type": "string",
            },
            {
              "docs": [
                "/**
    Same \`app_version\` used in TokenRequest (using \`FreeboxRegister\` class) to get the \`app_token\`.
		*/",
              ],
              "id": "AppRegistered.app_version",
              "isOptional": true,
              "isReadonly": false,
              "kind": "InterfacePropertyDeclaration",
              "name": "app_version",
              "signature": "app_version?: string;",
              "source": {
                "filename": "index.d.ts",
                "line": 88,
                "unpkgURL": "https://unpkg.com/browse/freebox@1.3.3/index.d.ts#L88",
                "url": "https://github.com/Matschik/freebox/tree/v1.3.3/index.d.ts#L88",
              },
              "type": "string",
            },
            {
              "docs": [
                "/**
    Port to use for remote https access to the Freebox API.
		*/",
              ],
              "id": "AppRegistered.https_port",
              "isOptional": true,
              "isReadonly": false,
              "kind": "InterfacePropertyDeclaration",
              "name": "https_port",
              "signature": "https_port?: number;",
              "source": {
                "filename": "index.d.ts",
                "line": 71,
                "unpkgURL": "https://unpkg.com/browse/freebox@1.3.3/index.d.ts#L71",
                "url": "https://github.com/Matschik/freebox/tree/v1.3.3/index.d.ts#L71",
              },
              "type": "number",
            },
          ],
        },
        "name": "AppRegistered",
        "signature": "interface AppRegistered {}",
        "source": {
          "filename": "index.d.ts",
          "line": 49,
          "unpkgURL": "https://unpkg.com/browse/freebox@1.3.3/index.d.ts#L49",
          "url": "https://github.com/Matschik/freebox/tree/v1.3.3/index.d.ts#L49",
        },
      },
      {
        "docs": [],
        "id": "Permissions",
        "kind": "InterfaceDeclaration",
        "members": {
          "callSignatures": [],
          "constructSignatures": [],
          "indexSignatures": [],
          "methods": [],
          "properties": [
            {
              "docs": [
                "/**
    Access to call logs
		*/",
              ],
              "id": "Permissions.calls",
              "isOptional": true,
              "isReadonly": false,
              "kind": "InterfacePropertyDeclaration",
              "name": "calls",
              "signature": "calls?: boolean;",
              "source": {
                "filename": "index.d.ts",
                "line": 113,
                "unpkgURL": "https://unpkg.com/browse/freebox@1.3.3/index.d.ts#L113",
                "url": "https://github.com/Matschik/freebox/tree/v1.3.3/index.d.ts#L113",
              },
              "type": "boolean",
            },
            {
              "docs": [
                "/**
    Access to contact list
		*/",
              ],
              "id": "Permissions.contacts",
              "isOptional": true,
              "isReadonly": false,
              "kind": "InterfacePropertyDeclaration",
              "name": "contacts",
              "signature": "contacts?: boolean;",
              "source": {
                "filename": "index.d.ts",
                "line": 108,
                "unpkgURL": "https://unpkg.com/browse/freebox@1.3.3/index.d.ts#L108",
                "url": "https://github.com/Matschik/freebox/tree/v1.3.3/index.d.ts#L108",
              },
              "type": "boolean",
            },
            {
              "docs": [
                "/**
    Access to downloader
		*/",
              ],
              "id": "Permissions.downloader",
              "isOptional": true,
              "isReadonly": false,
              "kind": "InterfacePropertyDeclaration",
              "name": "downloader",
              "signature": "downloader?: boolean;",
              "source": {
                "filename": "index.d.ts",
                "line": 123,
                "unpkgURL": "https://unpkg.com/browse/freebox@1.3.3/index.d.ts#L123",
                "url": "https://github.com/Matschik/freebox/tree/v1.3.3/index.d.ts#L123",
              },
              "type": "boolean",
            },
            {
              "docs": [
                "/**
    Access to filesystem
		*/",
              ],
              "id": "Permissions.explorer",
              "isOptional": true,
              "isReadonly": false,
              "kind": "InterfacePropertyDeclaration",
              "name": "explorer",
              "signature": "explorer?: boolean;",
              "source": {
                "filename": "index.d.ts",
                "line": 118,
                "unpkgURL": "https://unpkg.com/browse/freebox@1.3.3/index.d.ts#L118",
                "url": "https://github.com/Matschik/freebox/tree/v1.3.3/index.d.ts#L118",
              },
              "type": "boolean",
            },
            {
              "docs": [
                "/**
    Access to parental control
		*/",
              ],
              "id": "Permissions.parental",
              "isOptional": true,
              "isReadonly": false,
              "kind": "InterfacePropertyDeclaration",
              "name": "parental",
              "signature": "parental?: boolean;",
              "source": {
                "filename": "index.d.ts",
                "line": 128,
                "unpkgURL": "https://unpkg.com/browse/freebox@1.3.3/index.d.ts#L128",
                "url": "https://github.com/Matschik/freebox/tree/v1.3.3/index.d.ts#L128",
              },
              "type": "boolean",
            },
            {
              "docs": [],
              "id": "Permissions.pvr",
              "isOptional": true,
              "isReadonly": false,
              "kind": "InterfacePropertyDeclaration",
              "name": "pvr",
              "signature": "pvr?: boolean;",
              "source": {
                "filename": "index.d.ts",
                "line": 130,
                "unpkgURL": "https://unpkg.com/browse/freebox@1.3.3/index.d.ts#L130",
                "url": "https://github.com/Matschik/freebox/tree/v1.3.3/index.d.ts#L130",
              },
              "type": "boolean",
            },
            {
              "docs": [
                "/**
    Allow modifying the Freebox settings (reading settings is always allowed).
		*/",
              ],
              "id": "Permissions.settings",
              "isOptional": true,
              "isReadonly": false,
              "kind": "InterfacePropertyDeclaration",
              "name": "settings",
              "signature": "settings?: boolean;",
              "source": {
                "filename": "index.d.ts",
                "line": 103,
                "unpkgURL": "https://unpkg.com/browse/freebox@1.3.3/index.d.ts#L103",
                "url": "https://github.com/Matschik/freebox/tree/v1.3.3/index.d.ts#L103",
              },
              "type": "boolean",
            },
          ],
        },
        "name": "Permissions",
        "signature": "interface Permissions {}",
        "source": {
          "filename": "index.d.ts",
          "line": 99,
          "unpkgURL": "https://unpkg.com/browse/freebox@1.3.3/index.d.ts#L99",
          "url": "https://github.com/Matschik/freebox/tree/v1.3.3/index.d.ts#L99",
        },
      },
      {
        "docs": [],
        "id": "RegisterOptions",
        "kind": "InterfaceDeclaration",
        "members": {
          "callSignatures": [],
          "constructSignatures": [],
          "indexSignatures": [],
          "methods": [],
          "properties": [
            {
              "docs": [
                "/**
    Prevent logging to console.
    
    @default  false
		*/",
              ],
              "id": "RegisterOptions.silent",
              "isOptional": true,
              "isReadonly": false,
              "kind": "InterfacePropertyDeclaration",
              "name": "silent",
              "signature": "silent?: boolean;",
              "source": {
                "filename": "index.d.ts",
                "line": 40,
                "unpkgURL": "https://unpkg.com/browse/freebox@1.3.3/index.d.ts#L40",
                "url": "https://github.com/Matschik/freebox/tree/v1.3.3/index.d.ts#L40",
              },
              "type": "boolean",
            },
          ],
        },
        "name": "RegisterOptions",
        "signature": "interface RegisterOptions {}",
        "source": {
          "filename": "index.d.ts",
          "line": 34,
          "unpkgURL": "https://unpkg.com/browse/freebox@1.3.3/index.d.ts#L34",
          "url": "https://github.com/Matschik/freebox/tree/v1.3.3/index.d.ts#L34",
        },
      },
      {
        "docs": [],
        "id": "Session",
        "kind": "InterfaceDeclaration",
        "members": {
          "callSignatures": [],
          "constructSignatures": [],
          "indexSignatures": [],
          "methods": [],
          "properties": [
            {
              "docs": [],
              "id": "Session.permissions",
              "isOptional": false,
              "isReadonly": false,
              "kind": "InterfacePropertyDeclaration",
              "name": "permissions",
              "signature": "permissions: Permissions;",
              "source": {
                "filename": "index.d.ts",
                "line": 96,
                "unpkgURL": "https://unpkg.com/browse/freebox@1.3.3/index.d.ts#L96",
                "url": "https://github.com/Matschik/freebox/tree/v1.3.3/index.d.ts#L96",
              },
              "type": "Permissions",
            },
            {
              "docs": [
                "/**
    A \`session_token\` is a combination of app_token and a challenge to open a session
    */",
              ],
              "id": "Session.session_token",
              "isOptional": false,
              "isReadonly": false,
              "kind": "InterfacePropertyDeclaration",
              "name": "session_token",
              "signature": "session_token: string;",
              "source": {
                "filename": "index.d.ts",
                "line": 95,
                "unpkgURL": "https://unpkg.com/browse/freebox@1.3.3/index.d.ts#L95",
                "url": "https://github.com/Matschik/freebox/tree/v1.3.3/index.d.ts#L95",
              },
              "type": "string",
            },
          ],
        },
        "name": "Session",
        "signature": "interface Session {}",
        "source": {
          "filename": "index.d.ts",
          "line": 91,
          "unpkgURL": "https://unpkg.com/browse/freebox@1.3.3/index.d.ts#L91",
          "url": "https://github.com/Matschik/freebox/tree/v1.3.3/index.d.ts#L91",
        },
      },
      {
        "docs": [],
        "id": "SessionStart",
        "kind": "InterfaceDeclaration",
        "members": {
          "callSignatures": [],
          "constructSignatures": [],
          "indexSignatures": [],
          "methods": [],
          "properties": [
            {
              "docs": [],
              "id": "SessionStart.app_id",
              "isOptional": false,
              "isReadonly": false,
              "kind": "InterfacePropertyDeclaration",
              "name": "app_id",
              "signature": "app_id: string;",
              "source": {
                "filename": "index.d.ts",
                "line": 44,
                "unpkgURL": "https://unpkg.com/browse/freebox@1.3.3/index.d.ts#L44",
                "url": "https://github.com/Matschik/freebox/tree/v1.3.3/index.d.ts#L44",
              },
              "type": "string",
            },
            {
              "docs": [],
              "id": "SessionStart.app_version",
              "isOptional": true,
              "isReadonly": false,
              "kind": "InterfacePropertyDeclaration",
              "name": "app_version",
              "signature": "app_version?: string;",
              "source": {
                "filename": "index.d.ts",
                "line": 45,
                "unpkgURL": "https://unpkg.com/browse/freebox@1.3.3/index.d.ts#L45",
                "url": "https://github.com/Matschik/freebox/tree/v1.3.3/index.d.ts#L45",
              },
              "type": "string",
            },
            {
              "docs": [],
              "id": "SessionStart.password",
              "isOptional": false,
              "isReadonly": false,
              "kind": "InterfacePropertyDeclaration",
              "name": "password",
              "signature": "password: string;",
              "source": {
                "filename": "index.d.ts",
                "line": 46,
                "unpkgURL": "https://unpkg.com/browse/freebox@1.3.3/index.d.ts#L46",
                "url": "https://github.com/Matschik/freebox/tree/v1.3.3/index.d.ts#L46",
              },
              "type": "string",
            },
          ],
        },
        "name": "SessionStart",
        "signature": "interface SessionStart {}",
        "source": {
          "filename": "index.d.ts",
          "line": 43,
          "unpkgURL": "https://unpkg.com/browse/freebox@1.3.3/index.d.ts#L43",
          "url": "https://github.com/Matschik/freebox/tree/v1.3.3/index.d.ts#L43",
        },
      },
    ],
    "namespaces": [],
    "typeAliases": [],
    "variables": [],
  },
  "files": [
    {
      "filename": "index.d.ts",
      "isIndexFile": true,
      "unpkgURL": "https://unpkg.com/browse/freebox@1.3.3/index.d.ts",
      "url": "https://github.com/Matschik/freebox/tree/v1.3.3/index.d.ts",
    },
  ],
  "overview": undefined,
}
`;
