// Vitest Snapshot v1, https://vitest.dev/guide/snapshot.html

exports[`svelte > 3.31.2 1`] = `
{
  "declarations": {
    "classes": [],
    "enums": [],
    "functions": [],
    "interfaces": [],
    "namespaces": [
      {
        "declarations": {
          "classes": [],
          "enums": [],
          "functions": [],
          "interfaces": [],
          "namespaces": [],
          "typeAliases": [],
          "variables": [],
        },
        "docs": [],
        "id": "*.svelte",
        "kind": "NamespaceDeclaration",
        "name": "*.svelte",
        "signature": "module '*.svelte' {}",
        "source": {
          "filename": "types/runtime/ambient.d.ts",
          "line": 1,
          "unpkgURL": "https://unpkg.com/browse/svelte@3.31.2/types/runtime/ambient.d.ts#L1",
          "url": "https://github.com/sveltejs/svelte/tree/c758028cde56e2af4846240816dc9ceed57e97cd/types/runtime/ambient.d.ts#L1",
        },
      },
    ],
    "typeAliases": [],
    "variables": [],
  },
  "files": [
    {
      "filename": "types/runtime/ambient.d.ts",
      "unpkgURL": "https://unpkg.com/browse/svelte@3.31.2/types/runtime/ambient.d.ts",
      "url": "https://github.com/sveltejs/svelte/tree/c758028cde56e2af4846240816dc9ceed57e97cd/types/runtime/ambient.d.ts",
    },
    {
      "filename": "types/runtime/index.d.ts",
      "isIndexFile": true,
      "unpkgURL": "https://unpkg.com/browse/svelte@3.31.2/types/runtime/index.d.ts",
      "url": "https://github.com/sveltejs/svelte/tree/c758028cde56e2af4846240816dc9ceed57e97cd/types/runtime/index.d.ts",
    },
  ],
  "overview": undefined,
}
`;
