// Jest Snapshot v1, https://goo.gl/fbAQLP

exports[`tiny-lru 7.0.6 1`] = `
{
  "declarations": {
    "classes": [],
    "enums": [],
    "functions": [],
    "interfaces": [],
    "namespaces": [
      {
        "declarations": {
          "classes": [
            {
              "constructors": [
                {
                  "docs": [],
                  "id": "tiny-lru.Lru.0-constructor",
                  "kind": "ClassConstructorDeclaration",
                  "name": "constructor",
                  "signature": "constructor(max?: number, ttl?: number);",
                  "source": {
                    "filename": "tiny-lru.d.ts",
                    "line": 3,
                    "unpkgURL": "https://unpkg.com/browse/tiny-lru@7.0.6/tiny-lru.d.ts#L3",
                    "url": "https://github.com/avoidwork/tiny-lru/tree/683f030c52af26041af3be3f42f5a99316651197/tiny-lru.d.ts#L3",
                  },
                },
              ],
              "docs": [],
              "id": "tiny-lru.Lru",
              "isAbstract": false,
              "kind": "ClassDeclaration",
              "members": {
                "methods": [
                  {
                    "docs": [],
                    "id": "tiny-lru.Lru.clear",
                    "isStatic": false,
                    "kind": "ClassMethodDeclaration",
                    "name": "clear",
                    "signature": "clear: () => this;",
                    "source": {
                      "filename": "tiny-lru.d.ts",
                      "line": 8,
                      "unpkgURL": "https://unpkg.com/browse/tiny-lru@7.0.6/tiny-lru.d.ts#L8",
                      "url": "https://github.com/avoidwork/tiny-lru/tree/683f030c52af26041af3be3f42f5a99316651197/tiny-lru.d.ts#L8",
                    },
                    "type": "() => this",
                  },
                  {
                    "docs": [],
                    "id": "tiny-lru.Lru.delete",
                    "isStatic": false,
                    "kind": "ClassMethodDeclaration",
                    "name": "delete",
                    "signature": "delete: (key: string) => this;",
                    "source": {
                      "filename": "tiny-lru.d.ts",
                      "line": 9,
                      "unpkgURL": "https://unpkg.com/browse/tiny-lru@7.0.6/tiny-lru.d.ts#L9",
                      "url": "https://github.com/avoidwork/tiny-lru/tree/683f030c52af26041af3be3f42f5a99316651197/tiny-lru.d.ts#L9",
                    },
                    "type": "(key: string) => this",
                  },
                  {
                    "docs": [],
                    "id": "tiny-lru.Lru.evict",
                    "isStatic": false,
                    "kind": "ClassMethodDeclaration",
                    "name": "evict",
                    "signature": "evict: () => this;",
                    "source": {
                      "filename": "tiny-lru.d.ts",
                      "line": 10,
                      "unpkgURL": "https://unpkg.com/browse/tiny-lru@7.0.6/tiny-lru.d.ts#L10",
                      "url": "https://github.com/avoidwork/tiny-lru/tree/683f030c52af26041af3be3f42f5a99316651197/tiny-lru.d.ts#L10",
                    },
                    "type": "() => this",
                  },
                  {
                    "docs": [],
                    "id": "tiny-lru.Lru.get",
                    "isStatic": false,
                    "kind": "ClassMethodDeclaration",
                    "name": "get",
                    "signature": "get: (key: string) => T | undefined;",
                    "source": {
                      "filename": "tiny-lru.d.ts",
                      "line": 6,
                      "unpkgURL": "https://unpkg.com/browse/tiny-lru@7.0.6/tiny-lru.d.ts#L6",
                      "url": "https://github.com/avoidwork/tiny-lru/tree/683f030c52af26041af3be3f42f5a99316651197/tiny-lru.d.ts#L6",
                    },
                    "type": "(key: string) => T | undefined",
                  },
                  {
                    "docs": [],
                    "id": "tiny-lru.Lru.has",
                    "isStatic": false,
                    "kind": "ClassMethodDeclaration",
                    "name": "has",
                    "signature": "has: (key: string) => boolean;",
                    "source": {
                      "filename": "tiny-lru.d.ts",
                      "line": 5,
                      "unpkgURL": "https://unpkg.com/browse/tiny-lru@7.0.6/tiny-lru.d.ts#L5",
                      "url": "https://github.com/avoidwork/tiny-lru/tree/683f030c52af26041af3be3f42f5a99316651197/tiny-lru.d.ts#L5",
                    },
                    "type": "(key: string) => boolean",
                  },
                  {
                    "docs": [],
                    "id": "tiny-lru.Lru.keys",
                    "isStatic": false,
                    "kind": "ClassMethodDeclaration",
                    "name": "keys",
                    "signature": "keys: () => string[];",
                    "source": {
                      "filename": "tiny-lru.d.ts",
                      "line": 11,
                      "unpkgURL": "https://unpkg.com/browse/tiny-lru@7.0.6/tiny-lru.d.ts#L11",
                      "url": "https://github.com/avoidwork/tiny-lru/tree/683f030c52af26041af3be3f42f5a99316651197/tiny-lru.d.ts#L11",
                    },
                    "type": "() => string[]",
                  },
                  {
                    "docs": [],
                    "id": "tiny-lru.Lru.set",
                    "isStatic": false,
                    "kind": "ClassMethodDeclaration",
                    "name": "set",
                    "signature": "set: (key: string, value: T, bypass?: boolean) => this;",
                    "source": {
                      "filename": "tiny-lru.d.ts",
                      "line": 7,
                      "unpkgURL": "https://unpkg.com/browse/tiny-lru@7.0.6/tiny-lru.d.ts#L7",
                      "url": "https://github.com/avoidwork/tiny-lru/tree/683f030c52af26041af3be3f42f5a99316651197/tiny-lru.d.ts#L7",
                    },
                    "type": "(key: string, value: T, bypass?: boolean) => this",
                  },
                ],
                "properties": [],
              },
              "name": "Lru",
              "signature": "class Lru<T = any> {}",
              "source": {
                "filename": "tiny-lru.d.ts",
                "line": 2,
                "unpkgURL": "https://unpkg.com/browse/tiny-lru@7.0.6/tiny-lru.d.ts#L2",
                "url": "https://github.com/avoidwork/tiny-lru/tree/683f030c52af26041af3be3f42f5a99316651197/tiny-lru.d.ts#L2",
              },
            },
          ],
          "enums": [],
          "functions": [
            {
              "docs": [],
              "id": "tiny-lru.factory",
              "kind": "FunctionDeclaration",
              "name": "factory",
              "signature": "factory: <T = any>(max?: number, ttl?: number) => Lru<T>;",
              "source": {
                "filename": "tiny-lru.d.ts",
                "line": 13,
                "unpkgURL": "https://unpkg.com/browse/tiny-lru@7.0.6/tiny-lru.d.ts#L13",
                "url": "https://github.com/avoidwork/tiny-lru/tree/683f030c52af26041af3be3f42f5a99316651197/tiny-lru.d.ts#L13",
              },
              "type": "<T = any>(max?: number, ttl?: number) => Lru<T>",
            },
          ],
          "interfaces": [],
          "namespaces": [],
          "typeAliases": [],
          "variables": [],
        },
        "docs": [],
        "id": "tiny-lru",
        "kind": "NamespaceDeclaration",
        "name": "tiny-lru",
        "signature": "module 'tiny-lru' {}",
        "source": {
          "filename": "tiny-lru.d.ts",
          "line": 1,
          "unpkgURL": "https://unpkg.com/browse/tiny-lru@7.0.6/tiny-lru.d.ts#L1",
          "url": "https://github.com/avoidwork/tiny-lru/tree/683f030c52af26041af3be3f42f5a99316651197/tiny-lru.d.ts#L1",
        },
      },
    ],
    "typeAliases": [],
    "variables": [],
  },
  "files": [
    {
      "filename": "tiny-lru.d.ts",
      "isIndexFile": true,
      "unpkgURL": "https://unpkg.com/browse/tiny-lru@7.0.6/tiny-lru.d.ts",
      "url": "https://github.com/avoidwork/tiny-lru/tree/683f030c52af26041af3be3f42f5a99316651197/tiny-lru.d.ts",
    },
  ],
  "overview": undefined,
}
`;
