// Jest Snapshot v1, https://goo.gl/fbAQLP

exports[`toml 3.0.0 1`] = `
{
  "declarations": {
    "classes": [],
    "enums": [],
    "functions": [],
    "interfaces": [],
    "namespaces": [
      {
        "declarations": {
          "classes": [],
          "enums": [],
          "functions": [
            {
              "docs": [],
              "id": "toml.parse",
              "kind": "FunctionDeclaration",
              "name": "parse",
              "signature": "parse: (input: string) => any;",
              "source": {
                "filename": "index.d.ts",
                "line": 2,
                "unpkgURL": "https://unpkg.com/browse/toml@3.0.0/index.d.ts#L2",
                "url": "https://github.com/BinaryMuse/toml-node/tree/4bad34e1dc81586e799e269e5d2c78662b6657b2/index.d.ts#L2",
              },
              "type": "(input: string) => any",
            },
          ],
          "interfaces": [],
          "namespaces": [],
          "typeAliases": [],
          "variables": [],
        },
        "docs": [],
        "id": "toml",
        "kind": "NamespaceDeclaration",
        "name": "toml",
        "signature": "module 'toml' {}",
        "source": {
          "filename": "index.d.ts",
          "line": 1,
          "unpkgURL": "https://unpkg.com/browse/toml@3.0.0/index.d.ts#L1",
          "url": "https://github.com/BinaryMuse/toml-node/tree/4bad34e1dc81586e799e269e5d2c78662b6657b2/index.d.ts#L1",
        },
      },
    ],
    "typeAliases": [],
    "variables": [],
  },
  "files": [
    {
      "filename": "index.d.ts",
      "isIndexFile": true,
      "unpkgURL": "https://unpkg.com/browse/toml@3.0.0/index.d.ts",
      "url": "https://github.com/BinaryMuse/toml-node/tree/4bad34e1dc81586e799e269e5d2c78662b6657b2/index.d.ts",
    },
  ],
  "overview": undefined,
}
`;
