// Vitest Snapshot v1, https://vitest.dev/guide/snapshot.html

exports[`export named class with private field 1`] = `
[
  {
    "constructors": [],
    "docs": [
      "/** Class1 */",
    ],
    "file": "/index.ts",
    "id": "class.Class1",
    "kind": "class",
    "line": 2,
    "methods": [
      {
        "docs": [],
        "file": "/index.ts",
        "id": "class.Class1.method.qux",
        "kind": "class-method",
        "line": 9,
        "name": "qux",
        "signature": "qux: () => string;",
      },
    ],
    "name": "Class1",
    "properties": [
      {
        "docs": [],
        "file": "/index.ts",
        "id": "class.Class1.property.bar",
        "kind": "class-property",
        "line": 7,
        "name": "bar",
        "signature": "bar: number;",
      },
    ],
    "signature": "class Class1 {}",
  },
]
`;
