// Jest Snapshot v1, https://goo.gl/fbAQLP

exports[`ambient-namespaces snapshot 1`] = `
Object {
  "declarations": Object {
    "classes": Array [],
    "enums": Array [],
    "functions": Array [
      Object {
        "docs": Array [
          "/** Global function foobar */",
        ],
        "id": "foobar",
        "kind": "FunctionDeclaration",
        "name": "foobar",
        "signature": "foobar: (a: number, b: number) => number;",
        "source": Object {
          "filename": "index.d.ts",
          "line": 20,
          "url": undefined,
        },
        "type": "(a: number, b: number) => number",
      },
    ],
    "interfaces": Array [],
    "namespaces": Array [
      Object {
        "declarations": Object {
          "classes": Array [],
          "enums": Array [],
          "functions": Array [],
          "interfaces": Array [
            Object {
              "docs": Array [
                "/** Interface Bar */",
              ],
              "id": "Foo.Bar",
              "kind": "InterfaceDeclaration",
              "members": Object {
                "callSignatures": Array [],
                "constructSignatures": Array [],
                "indexSignatures": Array [],
                "methods": Array [],
                "properties": Array [
                  Object {
                    "docs": Array [
                      "/** Property qux */",
                    ],
                    "id": "Foo.Bar.qux",
                    "isOptional": false,
                    "isReadonly": true,
                    "kind": "InterfacePropertyDeclaration",
                    "name": "qux",
                    "signature": "readonly qux: string;",
                    "source": Object {
                      "filename": "index.d.ts",
                      "line": 6,
                      "url": undefined,
                    },
                    "type": "string",
                  },
                ],
              },
              "name": "Bar",
              "signature": "interface Bar {}",
              "source": Object {
                "filename": "index.d.ts",
                "line": 4,
                "url": undefined,
              },
            },
          ],
          "namespaces": Array [],
          "typeAliases": Array [],
          "variables": Array [
            Object {
              "docs": Array [
                "/** Variable baz */",
              ],
              "id": "Foo.baz",
              "kind": "VariableDeclaration",
              "name": "baz",
              "signature": "const baz: boolean;",
              "source": Object {
                "filename": "index.d.ts",
                "line": 10,
                "url": undefined,
              },
              "type": "boolean",
              "variableKind": "const",
            },
          ],
        },
        "docs": Array [
          "/** Ambient namespace Foo */",
        ],
        "id": "Foo",
        "kind": "NamespaceDeclaration",
        "name": "Foo",
        "signature": "namespace Foo {}",
        "source": Object {
          "filename": "index.d.ts",
          "line": 2,
          "url": undefined,
        },
      },
    ],
    "typeAliases": Array [],
    "variables": Array [
      Object {
        "docs": Array [
          "/** Global read-only variable bar */",
        ],
        "id": "bar",
        "kind": "VariableDeclaration",
        "name": "bar",
        "signature": "const bar: Foo.Bar;",
        "source": Object {
          "filename": "index.d.ts",
          "line": 17,
          "url": undefined,
        },
        "type": "Foo.Bar",
        "variableKind": "const",
      },
      Object {
        "docs": Array [
          "/** Global variable foo */",
        ],
        "id": "foo",
        "kind": "VariableDeclaration",
        "name": "foo",
        "signature": "var foo: Foo.Bar;",
        "source": Object {
          "filename": "index.d.ts",
          "line": 14,
          "url": undefined,
        },
        "type": "Foo.Bar",
        "variableKind": "var",
      },
    ],
  },
  "files": Array [
    Object {
      "filename": "index.d.ts",
      "isIndexFile": true,
      "url": undefined,
    },
  ],
  "overview": undefined,
}
`;
