// Vitest Snapshot v1, https://vitest.dev/guide/snapshot.html

exports[`ambient-namespaces > snapshot 1`] = `
{
  "declarations": {
    "classes": [],
    "enums": [],
    "functions": [
      {
        "docs": [
          "/** Global function foobar */",
        ],
        "id": "foobar",
        "kind": "function",
        "name": "foobar",
        "signature": "foobar: (a: number, b: number) => number;",
        "source": {
          "filename": "index.d.ts",
          "line": 20,
          "unpkgURL": undefined,
          "url": undefined,
        },
        "type": "(a: number, b: number) => number",
      },
    ],
    "interfaces": [],
    "namespaces": [
      {
        "declarations": {
          "classes": [],
          "enums": [],
          "functions": [],
          "interfaces": [
            {
              "docs": [
                "/** Interface Bar */",
              ],
              "id": "Foo.Bar",
              "kind": "interface",
              "members": {
                "callSignatures": [],
                "constructSignatures": [],
                "indexSignatures": [],
                "methods": [],
                "properties": [
                  {
                    "docs": [
                      "/** Property qux */",
                    ],
                    "id": "Foo.Bar.qux",
                    "isOptional": false,
                    "isReadonly": true,
                    "kind": "interfaceProperty",
                    "name": "qux",
                    "signature": "readonly qux: string;",
                    "source": {
                      "filename": "index.d.ts",
                      "line": 6,
                      "unpkgURL": undefined,
                      "url": undefined,
                    },
                    "type": "string",
                  },
                ],
              },
              "name": "Bar",
              "signature": "interface Bar {}",
              "source": {
                "filename": "index.d.ts",
                "line": 4,
                "unpkgURL": undefined,
                "url": undefined,
              },
            },
          ],
          "namespaces": [],
          "typeAliases": [],
          "variables": [
            {
              "docs": [
                "/** Variable baz */",
              ],
              "id": "Foo.baz",
              "kind": "variable",
              "name": "baz",
              "signature": "const baz: boolean;",
              "source": {
                "filename": "index.d.ts",
                "line": 10,
                "unpkgURL": undefined,
                "url": undefined,
              },
              "type": "boolean",
              "variableKind": "const",
            },
          ],
        },
        "docs": [
          "/** Ambient namespace Foo */",
        ],
        "id": "Foo",
        "kind": "namespace",
        "name": "Foo",
        "signature": "namespace Foo {}",
        "source": {
          "filename": "index.d.ts",
          "line": 2,
          "unpkgURL": undefined,
          "url": undefined,
        },
      },
    ],
    "typeAliases": [],
    "variables": [
      {
        "docs": [
          "/** Global read-only variable bar */",
        ],
        "id": "bar",
        "kind": "variable",
        "name": "bar",
        "signature": "const bar: Foo.Bar;",
        "source": {
          "filename": "index.d.ts",
          "line": 17,
          "unpkgURL": undefined,
          "url": undefined,
        },
        "type": "Foo.Bar",
        "variableKind": "const",
      },
      {
        "docs": [
          "/** Global variable foo */",
        ],
        "id": "foo",
        "kind": "variable",
        "name": "foo",
        "signature": "var foo: Foo.Bar;",
        "source": {
          "filename": "index.d.ts",
          "line": 14,
          "unpkgURL": undefined,
          "url": undefined,
        },
        "type": "Foo.Bar",
        "variableKind": "var",
      },
    ],
  },
  "files": [
    {
      "filename": "index.d.ts",
      "isIndexFile": true,
      "unpkgURL": undefined,
      "url": undefined,
    },
  ],
  "overview": undefined,
}
`;
