// Vitest Snapshot v1, https://vitest.dev/guide/snapshot.html

exports[`export-named-class-with-private-field > snapshot 1`] = `
{
  "declarations": {
    "classes": [
      {
        "constructors": [],
        "docs": [
          "/** Class1 */",
        ],
        "id": "Class1",
        "isAbstract": false,
        "kind": "class",
        "members": {
          "methods": [
            {
              "docs": [],
              "id": "Class1.qux",
              "isStatic": false,
              "kind": "classMethod",
              "name": "qux",
              "signature": "qux: () => string;",
              "source": {
                "filename": "index.ts",
                "line": 9,
                "unpkgURL": undefined,
                "url": undefined,
              },
              "type": "() => string",
            },
          ],
          "properties": [
            {
              "docs": [],
              "id": "Class1.bar",
              "isStatic": false,
              "kind": "classProperty",
              "name": "bar",
              "signature": "bar: number;",
              "source": {
                "filename": "index.ts",
                "line": 7,
                "unpkgURL": undefined,
                "url": undefined,
              },
              "type": "number",
            },
          ],
        },
        "name": "Class1",
        "signature": "class Class1 {}",
        "source": {
          "filename": "index.ts",
          "line": 2,
          "unpkgURL": undefined,
          "url": undefined,
        },
      },
    ],
    "enums": [],
    "functions": [],
    "interfaces": [],
    "namespaces": [],
    "typeAliases": [],
    "variables": [],
  },
  "files": [
    {
      "filename": "index.ts",
      "isIndexFile": true,
      "unpkgURL": undefined,
      "url": undefined,
    },
  ],
  "overview": undefined,
}
`;
