// Jest Snapshot v1, https://goo.gl/fbAQLP

exports[`export-named-declaration-without-jsdoc snapshot 1`] = `
{
  "declarations": {
    "classes": [],
    "enums": [],
    "functions": [],
    "interfaces": [],
    "namespaces": [],
    "typeAliases": [],
    "variables": [
      {
        "docs": [],
        "id": "var1",
        "kind": "VariableDeclaration",
        "name": "var1",
        "signature": "const var1: number;",
        "source": {
          "filename": "index.ts",
          "line": 7,
          "unpkgURL": undefined,
          "url": undefined,
        },
        "type": "number",
        "variableKind": "const",
      },
    ],
  },
  "files": [
    {
      "filename": "index.ts",
      "isIndexFile": true,
      "unpkgURL": undefined,
      "url": undefined,
    },
  ],
  "overview": "/**
 * This is the overview and not the documentation for \`var1\`.
 *
 * @packageDocumentation
 */",
}
`;
