// Vitest Snapshot v1, https://vitest.dev/guide/snapshot.html

exports[`export-named-import-all > snapshot 1`] = `
{
  "declarations": {
    "classes": [],
    "enums": [],
    "functions": [],
    "interfaces": [],
    "namespaces": [
      {
        "declarations": {
          "classes": [],
          "enums": [],
          "functions": [],
          "interfaces": [],
          "namespaces": [],
          "typeAliases": [],
          "variables": [
            {
              "docs": [],
              "id": "bar.baz",
              "kind": "VariableDeclaration",
              "name": "baz",
              "signature": "const baz: boolean;",
              "source": {
                "filename": "bar.d.ts",
                "line": 1,
                "unpkgURL": undefined,
                "url": undefined,
              },
              "type": "boolean",
              "variableKind": "const",
            },
          ],
        },
        "docs": [],
        "id": "bar",
        "kind": "NamespaceDeclaration",
        "name": "bar",
        "signature": "module 'bar.d.ts' {}",
        "source": {
          "filename": "bar.d.ts",
          "line": 1,
          "unpkgURL": undefined,
          "url": undefined,
        },
      },
      {
        "declarations": {
          "classes": [],
          "enums": [],
          "functions": [
            {
              "docs": [
                "/** Function bar2 */",
              ],
              "id": "foo.bar2",
              "kind": "FunctionDeclaration",
              "name": "bar2",
              "signature": "bar2: (a: number, b: number) => number;",
              "source": {
                "filename": "foo.d.ts",
                "line": 9,
                "unpkgURL": undefined,
                "url": undefined,
              },
              "type": "(a: number, b: number) => number",
            },
          ],
          "interfaces": [
            {
              "docs": [
                "/** Interface Bar3 */",
              ],
              "id": "foo.Bar3",
              "kind": "InterfaceDeclaration",
              "members": {
                "callSignatures": [],
                "constructSignatures": [],
                "indexSignatures": [],
                "methods": [],
                "properties": [
                  {
                    "docs": [],
                    "id": "foo.Bar3.baz",
                    "isOptional": false,
                    "isReadonly": true,
                    "kind": "InterfacePropertyDeclaration",
                    "name": "baz",
                    "signature": "readonly baz: <U>(t: T, u: U) => boolean;",
                    "source": {
                      "filename": "foo.d.ts",
                      "line": 13,
                      "unpkgURL": undefined,
                      "url": undefined,
                    },
                    "type": "<U>(t: T, u: U) => boolean",
                  },
                ],
              },
              "name": "Bar3",
              "signature": "interface Bar3<T> {}",
              "source": {
                "filename": "foo.d.ts",
                "line": 12,
                "unpkgURL": undefined,
                "url": undefined,
              },
            },
          ],
          "namespaces": [],
          "typeAliases": [],
          "variables": [
            {
              "docs": [
                "/** Variable bar1 */",
              ],
              "id": "foo.bar1",
              "kind": "VariableDeclaration",
              "name": "bar1",
              "signature": "const bar1: string;",
              "source": {
                "filename": "foo.d.ts",
                "line": 6,
                "unpkgURL": undefined,
                "url": undefined,
              },
              "type": "string",
              "variableKind": "const",
            },
          ],
        },
        "docs": [
          "/**
 * Foo module
 */",
        ],
        "id": "foo",
        "kind": "NamespaceDeclaration",
        "name": "foo",
        "signature": "module 'foo.d.ts' {}",
        "source": {
          "filename": "foo.d.ts",
          "line": 1,
          "unpkgURL": undefined,
          "url": undefined,
        },
      },
    ],
    "typeAliases": [],
    "variables": [],
  },
  "files": [
    {
      "filename": "bar.d.ts",
      "unpkgURL": undefined,
      "url": undefined,
    },
    {
      "filename": "foo.d.ts",
      "unpkgURL": undefined,
      "url": undefined,
    },
    {
      "filename": "index.d.ts",
      "isIndexFile": true,
      "unpkgURL": undefined,
      "url": undefined,
    },
  ],
  "overview": "/**
 * This is similar to the structure of \`index.d.ts\` for \`fp-ts@2.9.3\`.
 *
 * @packageDocumentation
 */",
}
`;
