// Jest Snapshot v1, https://goo.gl/fbAQLP

exports[`export-default-named-class snapshot 1`] = `
Object {
  "declarations": Object {
    "classes": Array [
      Object {
        "constructors": Array [],
        "docs": Array [
          "/** Class1 */",
        ],
        "id": "Class1",
        "isAbstract": false,
        "kind": "ClassDeclaration",
        "members": Object {
          "methods": Array [],
          "properties": Array [],
        },
        "name": "Class1",
        "signature": "class Class1 {}",
        "source": Object {
          "filename": "index.ts",
          "line": 2,
          "url": undefined,
        },
      },
    ],
    "enums": Array [],
    "functions": Array [],
    "interfaces": Array [],
    "namespaces": Array [],
    "typeAliases": Array [],
    "variables": Array [],
  },
  "files": Array [
    Object {
      "filename": "index.ts",
      "isIndexFile": true,
      "url": undefined,
    },
  ],
  "overview": undefined,
}
`;
