// Vitest Snapshot v1, https://vitest.dev/guide/snapshot.html

exports[`export-default-named-class > snapshot 1`] = `
{
  "declarations": {
    "classes": [
      {
        "constructors": [],
        "docs": [
          "/** Class1 */",
        ],
        "id": "Class1",
        "isAbstract": false,
        "kind": "class",
        "members": {
          "methods": [],
          "properties": [],
        },
        "name": "Class1",
        "signature": "class Class1 {}",
        "source": {
          "filename": "index.ts",
          "line": 2,
          "unpkgURL": undefined,
          "url": undefined,
        },
      },
    ],
    "enums": [],
    "functions": [],
    "interfaces": [],
    "namespaces": [],
    "typeAliases": [],
    "variables": [],
  },
  "files": [
    {
      "filename": "index.ts",
      "isIndexFile": true,
      "unpkgURL": undefined,
      "url": undefined,
    },
  ],
  "overview": undefined,
}
`;
