// Jest Snapshot v1, https://goo.gl/fbAQLP

exports[`export-default-const snapshot 1`] = `
Object {
  "declarations": Object {
    "classes": Array [],
    "enums": Array [],
    "functions": Array [],
    "interfaces": Array [],
    "namespaces": Array [],
    "typeAliases": Array [],
    "variables": Array [
      Object {
        "docs": Array [
          "/** var1 */",
        ],
        "id": "var1",
        "kind": "VariableDeclaration",
        "name": "var1",
        "signature": "const var1: string;",
        "source": Object {
          "filename": "index.ts",
          "line": 2,
          "url": undefined,
        },
        "type": "string",
        "variableKind": "const",
      },
    ],
  },
  "files": Array [
    Object {
      "filename": "index.ts",
      "isIndexFile": true,
      "url": undefined,
    },
  ],
  "overview": undefined,
}
`;
