// Vitest Snapshot v1, https://vitest.dev/guide/snapshot.html

exports[`index-file-with-overview > snapshot 1`] = `
{
  "declarations": {
    "classes": [],
    "enums": [],
    "functions": [],
    "interfaces": [],
    "namespaces": [],
    "typeAliases": [],
    "variables": [],
  },
  "files": [
    {
      "filename": "index.ts",
      "isIndexFile": true,
      "unpkgURL": undefined,
      "url": undefined,
    },
  ],
  "overview": "/**
 * This is the overview.
 *
 * @packageDocumentation
 */",
}
`;
