// Vitest Snapshot v1, https://vitest.dev/guide/snapshot.html

exports[`interface-with-overloaded-methods > snapshot 1`] = `
{
  "declarations": {
    "classes": [],
    "enums": [],
    "functions": [],
    "interfaces": [
      {
        "docs": [],
        "id": "Interface1",
        "kind": "interface",
        "members": {
          "callSignatures": [],
          "constructSignatures": [],
          "indexSignatures": [],
          "methods": [
            {
              "docs": [
                "/** (A) foo */",
                "/** (B) foo */",
              ],
              "id": "Interface1.foo",
              "kind": "interfaceMethod",
              "name": "foo",
              "signature": "foo: { (a: string): number; (b: number): string };",
              "source": {
                "filename": "index.d.ts",
                "line": 3,
                "unpkgURL": undefined,
                "url": undefined,
              },
              "type": "{ (a: string): number; (b: number): string; }",
            },
          ],
          "properties": [],
        },
        "name": "Interface1",
        "signature": "interface Interface1 {}",
        "source": {
          "filename": "index.d.ts",
          "line": 1,
          "unpkgURL": undefined,
          "url": undefined,
        },
      },
    ],
    "namespaces": [],
    "typeAliases": [],
    "variables": [],
  },
  "files": [
    {
      "filename": "index.d.ts",
      "isIndexFile": true,
      "unpkgURL": undefined,
      "url": undefined,
    },
  ],
  "overview": undefined,
}
`;
