// Jest Snapshot v1, https://goo.gl/fbAQLP

exports[`overloaded-function-with-multiple-docs snapshot 1`] = `
Object {
  "declarations": Object {
    "classes": Array [],
    "enums": Array [],
    "functions": Array [
      Object {
        "docs": Array [
          "/** (A) number to string */",
          "/** (B) string to number */",
        ],
        "id": "func1",
        "kind": "FunctionDeclaration",
        "name": "func1",
        "signature": "func1: { (a: number): string; (b: string): number };",
        "source": Object {
          "filename": "index.d.ts",
          "line": 2,
          "url": undefined,
        },
        "type": "{ (a: number): string; (b: string): number; }",
      },
    ],
    "interfaces": Array [],
    "namespaces": Array [],
    "typeAliases": Array [],
    "variables": Array [],
  },
  "files": Array [
    Object {
      "filename": "index.d.ts",
      "isIndexFile": true,
      "url": undefined,
    },
  ],
  "overview": undefined,
}
`;
